<!doctype html public "-//w3c//dtd html 4.0 transitional//en">
<html><head>
<title>Static Call Graph - [HAL_Code_Frame\HAL_Code_Frame.axf]</title></head>
<body><HR>
<H1>Static Call Graph for image HAL_Code_Frame\HAL_Code_Frame.axf</H1><HR>
<BR><P>#&#060CALLGRAPH&#062# ARM Linker, 5060960: Last Updated: Thu Apr 18 18:12:28 2024
<BR><P>
<H3>Maximum Stack Usage =        472 bytes + Unknown(Cycles, Untraceable Function Pointers)</H3><H3>
Call chain for Maximum Stack Depth:</H3>
main &rArr; MX_FREERTOS_Init &rArr; osThreadCreate &rArr; xTaskCreate &rArr; pvPortMalloc &rArr; xTaskResumeAll &rArr; xTaskIncrementTick
<P>
<H3>
Mutually Recursive functions
</H3> <LI><a href="#[a0]">ADC_IRQHandler</a>&nbsp;&nbsp;&nbsp;&rArr;&nbsp;&nbsp;&nbsp;<a href="#[a0]">ADC_IRQHandler</a><BR>
</UL>
<P>
<H3>
Function Pointers
</H3><UL>
 <LI><a href="#[a0]">ADC_IRQHandler</a> from startup_stm32f427xx.o(.text) referenced from startup_stm32f427xx.o(RESET)
 <LI><a href="#[ec]">ALL_Send</a> from freertos.o(i.ALL_Send) referenced from freertos.o(.constdata)
 <LI><a href="#[5b]">ANO_Send_Data_V4</a> from ano.o(i.ANO_Send_Data_V4) referenced 2 times from ano.o(.data)
 <LI><a href="#[5a]">ANO_Send_FloatData</a> from ano.o(i.ANO_Send_FloatData) referenced 2 times from ano.o(.data)
 <LI><a href="#[5c]">ANO_Send_FloatData_2</a> from ano.o(i.ANO_Send_FloatData_2) referenced 2 times from ano.o(.data)
 <LI><a href="#[f4]">AllCanSend</a> from task_cansend.o(i.AllCanSend) referenced from freertos.o(.constdata)
 <LI><a href="#[f1]">All_Init</a> from freertos.o(i.All_Init) referenced from freertos.o(.constdata)
 <LI><a href="#[88]">BusFault_Handler</a> from stm32f4xx_it.o(i.BusFault_Handler) referenced from startup_stm32f427xx.o(RESET)
 <LI><a href="#[2b]">Buzzer_On</a> from devicesmonitor.o(i.Buzzer_On) referenced 2 times from devicesmonitor.o(.data)
 <LI><a href="#[a2]">CAN1_RX0_IRQHandler</a> from stm32f4xx_it.o(i.CAN1_RX0_IRQHandler) referenced from startup_stm32f427xx.o(RESET)
 <LI><a href="#[a3]">CAN1_RX1_IRQHandler</a> from startup_stm32f427xx.o(.text) referenced from startup_stm32f427xx.o(RESET)
 <LI><a href="#[a4]">CAN1_SCE_IRQHandler</a> from startup_stm32f427xx.o(.text) referenced from startup_stm32f427xx.o(RESET)
 <LI><a href="#[a1]">CAN1_TX_IRQHandler</a> from startup_stm32f427xx.o(.text) referenced from startup_stm32f427xx.o(RESET)
 <LI><a href="#[ce]">CAN2_RX0_IRQHandler</a> from stm32f4xx_it.o(i.CAN2_RX0_IRQHandler) referenced from startup_stm32f427xx.o(RESET)
 <LI><a href="#[cf]">CAN2_RX1_IRQHandler</a> from startup_stm32f427xx.o(.text) referenced from startup_stm32f427xx.o(RESET)
 <LI><a href="#[d0]">CAN2_SCE_IRQHandler</a> from startup_stm32f427xx.o(.text) referenced from startup_stm32f427xx.o(RESET)
 <LI><a href="#[cd]">CAN2_TX_IRQHandler</a> from startup_stm32f427xx.o(.text) referenced from startup_stm32f427xx.o(RESET)
 <LI><a href="#[2e]">CAN_0x1FF_SendData</a> from monitor_rm_can.o(i.CAN_0x1FF_SendData) referenced 2 times from monitor_rm_can.o(.data)
 <LI><a href="#[2f]">CAN_0x200_SendData</a> from monitor_rm_can.o(i.CAN_0x200_SendData) referenced 2 times from monitor_rm_can.o(.data)
 <LI><a href="#[30]">CAN_0x2FF_SendData</a> from monitor_rm_can.o(i.CAN_0x2FF_SendData) referenced 2 times from monitor_rm_can.o(.data)
 <LI><a href="#[31]">CAN_0x601_SendData</a> from monitor_rm_can.o(i.CAN_0x601_SendData) referenced 2 times from monitor_rm_can.o(.data)
 <LI><a href="#[54]">CAN_IT_Init</a> from bsp_can.o(i.CAN_IT_Init) referenced 2 times from bsp_can.o(.data)
 <LI><a href="#[55]">CAN_RxMessage_Export_Date</a> from bsp_can.o(i.CAN_RxMessage_Export_Date) referenced 2 times from bsp_can.o(.data)
 <LI><a href="#[3a]">CAN_SendControl</a> from robot_control.o(i.CAN_SendControl) referenced 2 times from robot_control.o(.data)
 <LI><a href="#[56]">CAN_SendData</a> from bsp_can.o(i.CAN_SendData) referenced 2 times from bsp_can.o(.data)
 <LI><a href="#[83]">CIMU_Reset</a> from dji_c_imu.o(i.CIMU_Reset) referenced 2 times from dji_c_imu.o(.data)
 <LI><a href="#[ed]">Can1Receives</a> from task_canmsg.o(i.Can1Receives) referenced from freertos.o(.constdata)
 <LI><a href="#[ee]">Can2Receives</a> from task_canmsg.o(i.Can2Receives) referenced from freertos.o(.constdata)
 <LI><a href="#[47]">CapEnergy_Show</a> from rm_judgesystem.o(i.CapEnergy_Show) referenced 2 times from rmclient_ui.o(.data)
 <LI><a href="#[4e]">Cap_EnergyUpdata</a> from rm_judgesystem.o(i.Cap_EnergyUpdata) referenced 2 times from rmclient_ui.o(.data)
 <LI><a href="#[45]">Car_DistanceFrame</a> from rm_judgesystem.o(i.Car_DistanceFrame) referenced 2 times from rmclient_ui.o(.data)
 <LI><a href="#[8]">ChassisCapControl</a> from chassis_control.o(i.ChassisCapControl) referenced 2 times from chassis_control.o(.data)
 <LI><a href="#[6]">Chassis_Init</a> from chassis_control.o(i.Chassis_Init) referenced 2 times from chassis_control.o(.data)
 <LI><a href="#[7]">Chassis_processing</a> from chassis_control.o(i.Chassis_processing) referenced 2 times from chassis_control.o(.data)
 <LI><a href="#[57]">Check_CAN</a> from bsp_can.o(i.Check_CAN) referenced 2 times from bsp_can.o(.data)
 <LI><a href="#[7a]">Check_DJIIMU</a> from dji_imu.o(i.Check_DJIIMU) referenced 2 times from dji_imu.o(.data)
 <LI><a href="#[82]">Check_DJI_C_IMU</a> from dji_c_imu.o(i.Check_DJI_C_IMU) referenced 2 times from dji_c_imu.o(.data)
 <LI><a href="#[62]">Check_DR16</a> from dr16_remote.o(i.Check_DR16) referenced 2 times from dr16_remote.o(.data)
 <LI><a href="#[68]">Check_FrictionM3508</a> from m3508_motor.o(i.Check_FrictionM3508) referenced 2 times from m3508_motor.o(.data)
 <LI><a href="#[73]">Check_GyIMU</a> from wolf_gyimu.o(i.Check_GyIMU) referenced 2 times from wolf_gyimu.o(.data)
 <LI><a href="#[6f]">Check_Judge</a> from rm_judgesystem.o(i.Check_Judge) referenced 2 times from rm_judgesystem.o(.data)
 <LI><a href="#[64]">Check_M2006</a> from m2006_motor.o(i.Check_M2006) referenced 2 times from m2006_motor.o(.data)
 <LI><a href="#[6c]">Check_M6020</a> from m6020_motor.o(i.Check_M6020) referenced 2 times from m6020_motor.o(.data)
 <LI><a href="#[7e]">Check_SuperCapacitor</a> from supercapacitor.o(i.Check_SuperCapacitor) referenced 2 times from supercapacitor.o(.data)
 <LI><a href="#[27]">Check_Vision</a> from control_vision.o(i.Check_Vision) referenced 2 times from control_vision.o(.data)
 <LI><a href="#[67]">Check_WheelM3508</a> from m3508_motor.o(i.Check_WheelM3508) referenced 2 times from m3508_motor.o(.data)
 <LI><a href="#[2]">ClassisFollow_PID</a> from pid.o(i.ClassisFollow_PID) referenced 2 times from chassis_control.o(.data)
 <LI><a href="#[3]">ClassisTwister_PID</a> from pid.o(i.ClassisTwister_PID) referenced 2 times from chassis_control.o(.data)
 <LI><a href="#[14]">Cloud_IMUPITCHIPID</a> from pid.o(i.Cloud_IMUPITCHIPID) referenced 2 times from cloud_control.o(.data)
 <LI><a href="#[13]">Cloud_IMUPITCHOPID</a> from pid.o(i.Cloud_IMUPITCHOPID) referenced 2 times from cloud_control.o(.data)
 <LI><a href="#[12]">Cloud_IMUYAWIPID</a> from pid.o(i.Cloud_IMUYAWIPID) referenced 2 times from cloud_control.o(.data)
 <LI><a href="#[11]">Cloud_IMUYAWOPID</a> from pid.o(i.Cloud_IMUYAWOPID) referenced 2 times from cloud_control.o(.data)
 <LI><a href="#[19]">Cloud_Init</a> from cloud_control.o(i.Cloud_Init) referenced 2 times from cloud_control.o(.data)
 <LI><a href="#[c]">Cloud_PITCHIPID</a> from pid.o(i.Cloud_PITCHIPID) referenced 2 times from cloud_control.o(.data)
 <LI><a href="#[b]">Cloud_PITCHOPID</a> from pid.o(i.Cloud_PITCHOPID) referenced 2 times from cloud_control.o(.data)
 <LI><a href="#[18]">Cloud_VisionIMUPITCHIPID</a> from pid.o(i.Cloud_VisionIMUPITCHIPID) referenced 2 times from cloud_control.o(.data)
 <LI><a href="#[17]">Cloud_VisionIMUPITCHOPID</a> from pid.o(i.Cloud_VisionIMUPITCHOPID) referenced 2 times from cloud_control.o(.data)
 <LI><a href="#[16]">Cloud_VisionIMUYAWIPID</a> from pid.o(i.Cloud_VisionIMUYAWIPID) referenced 2 times from cloud_control.o(.data)
 <LI><a href="#[15]">Cloud_VisionIMUYAWOPID</a> from pid.o(i.Cloud_VisionIMUYAWOPID) referenced 2 times from cloud_control.o(.data)
 <LI><a href="#[a]">Cloud_YAWIPID</a> from pid.o(i.Cloud_YAWIPID) referenced 2 times from cloud_control.o(.data)
 <LI><a href="#[9]">Cloud_YAWOPID</a> from pid.o(i.Cloud_YAWOPID) referenced 2 times from cloud_control.o(.data)
 <LI><a href="#[1c]">Cloud_getYawAngleWithCenter</a> from cloud_control.o(i.Cloud_getYawAngleWithCenter) referenced 2 times from cloud_control.o(.data)
 <LI><a href="#[1a]">Cloud_processing_WithIMU</a> from cloud_control.o(i.Cloud_processing_WithIMU) referenced 2 times from cloud_control.o(.data)
 <LI><a href="#[1b]">Cloud_processing_WithoutIMU</a> from cloud_control.o(i.Cloud_processing_WithoutIMU) referenced 2 times from cloud_control.o(.data)
 <LI><a href="#[dc]">DCMI_IRQHandler</a> from startup_stm32f427xx.o(.text) referenced from startup_stm32f427xx.o(RESET)
 <LI><a href="#[7f]">DJI_C_Euler_getInfo</a> from dji_c_imu.o(i.DJI_C_Euler_getInfo) referenced 2 times from dji_c_imu.o(.data)
 <LI><a href="#[80]">DJI_C_Gyro_getInfo</a> from dji_c_imu.o(i.DJI_C_Gyro_getInfo) referenced 2 times from dji_c_imu.o(.data)
 <LI><a href="#[75]">DJI_IMU_Init</a> from dji_imu.o(i.DJI_IMU_Init) referenced 2 times from dji_imu.o(.data)
 <LI><a href="#[f3]">DJI_OLED</a> from task_oled.o(i.DJI_OLED) referenced from freertos.o(.constdata)
 <LI><a href="#[99]">DMA1_Stream0_IRQHandler</a> from startup_stm32f427xx.o(.text) referenced from startup_stm32f427xx.o(RESET)
 <LI><a href="#[9a]">DMA1_Stream1_IRQHandler</a> from stm32f4xx_it.o(i.DMA1_Stream1_IRQHandler) referenced from startup_stm32f427xx.o(RESET)
 <LI><a href="#[9b]">DMA1_Stream2_IRQHandler</a> from startup_stm32f427xx.o(.text) referenced from startup_stm32f427xx.o(RESET)
 <LI><a href="#[9c]">DMA1_Stream3_IRQHandler</a> from stm32f4xx_it.o(i.DMA1_Stream3_IRQHandler) referenced from startup_stm32f427xx.o(RESET)
 <LI><a href="#[9d]">DMA1_Stream4_IRQHandler</a> from startup_stm32f427xx.o(.text) referenced from startup_stm32f427xx.o(RESET)
 <LI><a href="#[9e]">DMA1_Stream5_IRQHandler</a> from startup_stm32f427xx.o(.text) referenced from startup_stm32f427xx.o(RESET)
 <LI><a href="#[9f]">DMA1_Stream6_IRQHandler</a> from startup_stm32f427xx.o(.text) referenced from startup_stm32f427xx.o(RESET)
 <LI><a href="#[bd]">DMA1_Stream7_IRQHandler</a> from startup_stm32f427xx.o(.text) referenced from startup_stm32f427xx.o(RESET)
 <LI><a href="#[e5]">DMA2D_IRQHandler</a> from startup_stm32f427xx.o(.text) referenced from startup_stm32f427xx.o(RESET)
 <LI><a href="#[c6]">DMA2_Stream0_IRQHandler</a> from startup_stm32f427xx.o(.text) referenced from startup_stm32f427xx.o(RESET)
 <LI><a href="#[c7]">DMA2_Stream1_IRQHandler</a> from startup_stm32f427xx.o(.text) referenced from startup_stm32f427xx.o(RESET)
 <LI><a href="#[c8]">DMA2_Stream2_IRQHandler</a> from stm32f4xx_it.o(i.DMA2_Stream2_IRQHandler) referenced from startup_stm32f427xx.o(RESET)
 <LI><a href="#[c9]">DMA2_Stream3_IRQHandler</a> from startup_stm32f427xx.o(.text) referenced from startup_stm32f427xx.o(RESET)
 <LI><a href="#[ca]">DMA2_Stream4_IRQHandler</a> from startup_stm32f427xx.o(.text) referenced from startup_stm32f427xx.o(RESET)
 <LI><a href="#[d2]">DMA2_Stream5_IRQHandler</a> from startup_stm32f427xx.o(.text) referenced from startup_stm32f427xx.o(RESET)
 <LI><a href="#[d3]">DMA2_Stream6_IRQHandler</a> from startup_stm32f427xx.o(.text) referenced from startup_stm32f427xx.o(RESET)
 <LI><a href="#[d4]">DMA2_Stream7_IRQHandler</a> from startup_stm32f427xx.o(.text) referenced from startup_stm32f427xx.o(RESET)
 <LI><a href="#[58]">DMA_USART_Receive_IT_Init</a> from bsp_usart.o(i.DMA_USART_Receive_IT_Init) referenced 2 times from bsp_usart.o(.data)
 <LI><a href="#[59]">DMA_USART_Send_IT_Init</a> from bsp_usart.o(i.DMA_USART_Send_IT_Init) referenced 2 times from bsp_usart.o(.data)
 <LI><a href="#[61]">DR16_DataCheck</a> from dr16_remote.o(i.DR16_DataCheck) referenced 2 times from dr16_remote.o(.data)
 <LI><a href="#[5d]">DR16_Handler</a> from dr16_remote.o(i.DR16_Handler) referenced 2 times from dr16_remote.o(.data)
 <LI><a href="#[5e]">DR16_USART_Receive_DMA</a> from dr16_remote.o(i.DR16_USART_Receive_DMA) referenced 2 times from dr16_remote.o(.data)
 <LI><a href="#[8b]">DebugMon_Handler</a> from stm32f4xx_it.o(i.DebugMon_Handler) referenced from startup_stm32f427xx.o(RESET)
 <LI><a href="#[f2]">Detect</a> from task_devicesmonitor.o(i.Detect) referenced from freertos.o(.constdata)
 <LI><a href="#[2d]">DevicesInit</a> from devicesmonitor.o(i.DevicesInit) referenced 2 times from devicesmonitor.o(.data)
 <LI><a href="#[2c]">DevicesMonitor_Alert</a> from devicesmonitor.o(i.DevicesMonitor_Alert) referenced 2 times from devicesmonitor.o(.data)
 <LI><a href="#[2a]">DevicesMonitor_Init</a> from devicesmonitor.o(i.DevicesMonitor_Init) referenced 2 times from devicesmonitor.o(.data)
 <LI><a href="#[29]">DevicesMonitor_update</a> from devicesmonitor.o(i.DevicesMonitor_update) referenced 2 times from devicesmonitor.o(.data)
 <LI><a href="#[cb]">ETH_IRQHandler</a> from startup_stm32f427xx.o(.text) referenced from startup_stm32f427xx.o(RESET)
 <LI><a href="#[cc]">ETH_WKUP_IRQHandler</a> from startup_stm32f427xx.o(.text) referenced from startup_stm32f427xx.o(RESET)
 <LI><a href="#[94]">EXTI0_IRQHandler</a> from startup_stm32f427xx.o(.text) referenced from startup_stm32f427xx.o(RESET)
 <LI><a href="#[b6]">EXTI15_10_IRQHandler</a> from startup_stm32f427xx.o(.text) referenced from startup_stm32f427xx.o(RESET)
 <LI><a href="#[95]">EXTI1_IRQHandler</a> from startup_stm32f427xx.o(.text) referenced from startup_stm32f427xx.o(RESET)
 <LI><a href="#[96]">EXTI2_IRQHandler</a> from startup_stm32f427xx.o(.text) referenced from startup_stm32f427xx.o(RESET)
 <LI><a href="#[97]">EXTI3_IRQHandler</a> from startup_stm32f427xx.o(.text) referenced from startup_stm32f427xx.o(RESET)
 <LI><a href="#[98]">EXTI4_IRQHandler</a> from startup_stm32f427xx.o(.text) referenced from startup_stm32f427xx.o(RESET)
 <LI><a href="#[a5]">EXTI9_5_IRQHandler</a> from startup_stm32f427xx.o(.text) referenced from startup_stm32f427xx.o(RESET)
 <LI><a href="#[92]">FLASH_IRQHandler</a> from startup_stm32f427xx.o(.text) referenced from startup_stm32f427xx.o(RESET)
 <LI><a href="#[be]">FMC_IRQHandler</a> from startup_stm32f427xx.o(.text) referenced from startup_stm32f427xx.o(RESET)
 <LI><a href="#[de]">FPU_IRQHandler</a> from startup_stm32f427xx.o(.text) referenced from startup_stm32f427xx.o(RESET)
 <LI><a href="#[ef]">Fixed_Sampling</a> from task_sampling.o(i.Fixed_Sampling) referenced from freertos.o(.constdata)
 <LI><a href="#[3f]">FricRead</a> from shoot.o(i.FricRead) referenced 2 times from shoot.o(.data)
 <LI><a href="#[40]">FricWrite</a> from shoot.o(i.FricWrite) referenced 2 times from shoot.o(.data)
 <LI><a href="#[70]">GY6050_Init</a> from wolf_gyimu.o(i.GY6050_Init) referenced 2 times from wolf_gyimu.o(.data)
 <LI><a href="#[74]">GY6050_PitErr</a> from wolf_gyimu.o(i.GY6050_PitErr) referenced 2 times from wolf_gyimu.o(.data)
 <LI><a href="#[71]">GY6050_getInfo</a> from wolf_gyimu.o(i.GY6050_getInfo) referenced 2 times from wolf_gyimu.o(.data)
 <LI><a href="#[5f]">GetKeyMouseAction</a> from dr16_remote.o(i.GetKeyMouseAction) referenced 2 times from dr16_remote.o(.data)
 <LI><a href="#[25]">GetVisionDiscMode</a> from control_vision.o(i.GetVisionDiscMode) referenced 2 times from control_vision.o(.data)
 <LI><a href="#[26]">GetVisionHitMode</a> from control_vision.o(i.GetVisionHitMode) referenced 2 times from control_vision.o(.data)
 <LI><a href="#[49]">Green_ShowOn</a> from rm_judgesystem.o(i.Green_ShowOn) referenced 2 times from rmclient_ui.o(.data)
 <LI><a href="#[77]">HAL_imu_ahrs_update</a> from dji_imu.o(i.HAL_imu_ahrs_update) referenced 2 times from dji_imu.o(.data)
 <LI><a href="#[78]">HAL_imu_attitude_update</a> from dji_imu.o(i.HAL_imu_attitude_update) referenced 2 times from dji_imu.o(.data)
 <LI><a href="#[76]">HAL_mpu_get_data</a> from dji_imu.o(i.HAL_mpu_get_data) referenced 2 times from dji_imu.o(.data)
 <LI><a href="#[dd]">HASH_RNG_IRQHandler</a> from startup_stm32f427xx.o(.text) referenced from startup_stm32f427xx.o(RESET)
 <LI><a href="#[86]">HardFault_Handler</a> from stm32f4xx_it.o(i.HardFault_Handler) referenced from startup_stm32f427xx.o(RESET)
 <LI><a href="#[ae]">I2C1_ER_IRQHandler</a> from startup_stm32f427xx.o(.text) referenced from startup_stm32f427xx.o(RESET)
 <LI><a href="#[ad]">I2C1_EV_IRQHandler</a> from startup_stm32f427xx.o(.text) referenced from startup_stm32f427xx.o(RESET)
 <LI><a href="#[b0]">I2C2_ER_IRQHandler</a> from startup_stm32f427xx.o(.text) referenced from startup_stm32f427xx.o(RESET)
 <LI><a href="#[af]">I2C2_EV_IRQHandler</a> from startup_stm32f427xx.o(.text) referenced from startup_stm32f427xx.o(RESET)
 <LI><a href="#[d7]">I2C3_ER_IRQHandler</a> from startup_stm32f427xx.o(.text) referenced from startup_stm32f427xx.o(RESET)
 <LI><a href="#[d6]">I2C3_EV_IRQHandler</a> from startup_stm32f427xx.o(.text) referenced from startup_stm32f427xx.o(RESET)
 <LI><a href="#[1d]">IMUData_chance</a> from cloud_control.o(i.IMUData_chance) referenced 2 times from cloud_control.o(.data)
 <LI><a href="#[43]">IMU_GetData_Compensate</a> from imu_compensate.o(i.IMU_GetData_Compensate) referenced 2 times from imu_compensate.o(.data)
 <LI><a href="#[79]">IMU_Reset</a> from dji_imu.o(i.IMU_Reset) referenced 2 times from dji_imu.o(.data)
 <LI><a href="#[72]">IMU_processing</a> from wolf_gyimu.o(i.IMU_processing) referenced 2 times from wolf_gyimu.o(.data)
 <LI><a href="#[5]">Incremental_PID</a> from pid.o(i.Incremental_PID) referenced 12 times from chassis_control.o(.data)
 <LI><a href="#[6e]">JudgeSystem_Handler</a> from rm_judgesystem.o(i.JudgeSystem_Handler) referenced 2 times from rm_judgesystem.o(.data)
 <LI><a href="#[6d]">JudgeSystem_USART_Receive_DMA</a> from rm_judgesystem.o(i.JudgeSystem_USART_Receive_DMA) referenced 2 times from rm_judgesystem.o(.data)
 <LI><a href="#[53]">LEDGreen_MeanUpdate</a> from rm_judgesystem.o(i.LEDGreen_MeanUpdate) referenced 2 times from rmclient_ui.o(.data)
 <LI><a href="#[50]">LEDOrange_MeanUpdate</a> from rm_judgesystem.o(i.LEDOrange_MeanUpdate) referenced 2 times from rmclient_ui.o(.data)
 <LI><a href="#[52]">LEDPink_MeanUpdate</a> from rm_judgesystem.o(i.LEDPink_MeanUpdate) referenced 2 times from rmclient_ui.o(.data)
 <LI><a href="#[51]">LEDPurple_MeanUpdate</a> from rm_judgesystem.o(i.LEDPurple_MeanUpdate) referenced 2 times from rmclient_ui.o(.data)
 <LI><a href="#[4f]">LEDYellow_MeanUpdate</a> from rm_judgesystem.o(i.LEDYellow_MeanUpdate) referenced 2 times from rmclient_ui.o(.data)
 <LI><a href="#[63]">M2006_getInfo</a> from m2006_motor.o(i.M2006_getInfo) referenced 2 times from m2006_motor.o(.data)
 <LI><a href="#[66]">M3508_Friction_getInfo</a> from m3508_motor.o(i.M3508_Friction_getInfo) referenced 2 times from m3508_motor.o(.data)
 <LI><a href="#[65]">M3508_getInfo</a> from m3508_motor.o(i.M3508_getInfo) referenced 2 times from m3508_motor.o(.data)
 <LI><a href="#[6b]">M6020_Reset</a> from m6020_motor.o(i.M6020_Reset) referenced 2 times from m6020_motor.o(.data)
 <LI><a href="#[69]">M6020_getInfo</a> from m6020_motor.o(i.M6020_getInfo) referenced 2 times from m6020_motor.o(.data)
 <LI><a href="#[6a]">M6020_setTargetAngle</a> from m6020_motor.o(i.M6020_setTargetAngle) referenced 2 times from m6020_motor.o(.data)
 <LI><a href="#[87]">MemManage_Handler</a> from stm32f4xx_it.o(i.MemManage_Handler) referenced from startup_stm32f427xx.o(RESET)
 <LI><a href="#[85]">NMI_Handler</a> from stm32f4xx_it.o(i.NMI_Handler) referenced from startup_stm32f427xx.o(RESET)
 <LI><a href="#[d1]">OTG_FS_IRQHandler</a> from startup_stm32f427xx.o(.text) referenced from startup_stm32f427xx.o(RESET)
 <LI><a href="#[b8]">OTG_FS_WKUP_IRQHandler</a> from startup_stm32f427xx.o(.text) referenced from startup_stm32f427xx.o(RESET)
 <LI><a href="#[d9]">OTG_HS_EP1_IN_IRQHandler</a> from startup_stm32f427xx.o(.text) referenced from startup_stm32f427xx.o(RESET)
 <LI><a href="#[d8]">OTG_HS_EP1_OUT_IRQHandler</a> from startup_stm32f427xx.o(.text) referenced from startup_stm32f427xx.o(RESET)
 <LI><a href="#[db]">OTG_HS_IRQHandler</a> from startup_stm32f427xx.o(.text) referenced from startup_stm32f427xx.o(RESET)
 <LI><a href="#[da]">OTG_HS_WKUP_IRQHandler</a> from startup_stm32f427xx.o(.text) referenced from startup_stm32f427xx.o(RESET)
 <LI><a href="#[4a]">Orange_ShowOn</a> from rm_judgesystem.o(i.Orange_ShowOn) referenced 2 times from rmclient_ui.o(.data)
 <LI><a href="#[8f]">PVD_IRQHandler</a> from stm32f4xx_it.o(i.PVD_IRQHandler) referenced from startup_stm32f427xx.o(RESET)
 <LI><a href="#[8c]">PendSV_Handler</a> from port.o(.emb_text) referenced from startup_stm32f427xx.o(RESET)
 <LI><a href="#[4c]">Pink_ShowOn</a> from rm_judgesystem.o(i.Pink_ShowOn) referenced 2 times from rmclient_ui.o(.data)
 <LI><a href="#[1]">Position_PID</a> from pid.o(i.Position_PID) referenced 20 times from chassis_control.o(.data)
 <LI><a href="#[42]">Preserve_temp</a> from imu_compensate.o(i.Preserve_temp) referenced 2 times from imu_compensate.o(.data)
 <LI><a href="#[4b]">Purple_ShowOn</a> from rm_judgesystem.o(i.Purple_ShowOn) referenced 2 times from rmclient_ui.o(.data)
 <LI><a href="#[93]">RCC_IRQHandler</a> from startup_stm32f427xx.o(.text) referenced from startup_stm32f427xx.o(RESET)
 <LI><a href="#[b7]">RTC_Alarm_IRQHandler</a> from startup_stm32f427xx.o(.text) referenced from startup_stm32f427xx.o(RESET)
 <LI><a href="#[91]">RTC_WKUP_IRQHandler</a> from startup_stm32f427xx.o(.text) referenced from startup_stm32f427xx.o(RESET)
 <LI><a href="#[60]">RemoteControl_Output</a> from dr16_remote.o(i.RemoteControl_Output) referenced 2 times from dr16_remote.o(.data)
 <LI><a href="#[41]">RemoteControl_Update</a> from status_update.o(i.RemoteControl_Update) referenced 2 times from status_update.o(.data)
 <LI><a href="#[84]">Reset_Handler</a> from startup_stm32f427xx.o(.text) referenced from startup_stm32f427xx.o(RESET)
 <LI><a href="#[f5]">RobotControl</a> from task_robotcontrol.o(i.RobotControl) referenced from freertos.o(.constdata)
 <LI><a href="#[37]">Robot_ChangeControlSource</a> from robot_control.o(i.Robot_ChangeControlSource) referenced 2 times from robot_control.o(.data)
 <LI><a href="#[33]">Robot_Disable</a> from robot_control.o(i.Robot_Disable) referenced 2 times from robot_control.o(.data)
 <LI><a href="#[32]">Robot_Enable</a> from robot_control.o(i.Robot_Enable) referenced 2 times from robot_control.o(.data)
 <LI><a href="#[34]">Robot_Reset</a> from robot_control.o(i.Robot_Reset) referenced 2 times from robot_control.o(.data)
 <LI><a href="#[35]">Robot_control</a> from robot_control.o(i.Robot_control) referenced 2 times from robot_control.o(.data)
 <LI><a href="#[36]">Robot_init</a> from robot_control.o(i.Robot_init) referenced 2 times from robot_control.o(.data)
 <LI><a href="#[38]">Robot_setAttackMode</a> from robot_control.o(i.Robot_setAttackMode) referenced 2 times from robot_control.o(.data)
 <LI><a href="#[39]">Robot_setChassisWorkMode</a> from robot_control.o(i.Robot_setChassisWorkMode) referenced 2 times from robot_control.o(.data)
 <LI><a href="#[e4]">SAI1_IRQHandler</a> from startup_stm32f427xx.o(.text) referenced from startup_stm32f427xx.o(RESET)
 <LI><a href="#[7b]">SCCM_MsgProcess</a> from supercapacitor.o(i.SCCM_MsgProcess) referenced 2 times from supercapacitor.o(.data)
 <LI><a href="#[7c]">SCCM_SendMsg</a> from supercapacitor.o(i.SCCM_SendMsg) referenced 2 times from supercapacitor.o(.data)
 <LI><a href="#[bf]">SDIO_IRQHandler</a> from startup_stm32f427xx.o(.text) referenced from startup_stm32f427xx.o(RESET)
 <LI><a href="#[b1]">SPI1_IRQHandler</a> from startup_stm32f427xx.o(.text) referenced from startup_stm32f427xx.o(RESET)
 <LI><a href="#[b2]">SPI2_IRQHandler</a> from startup_stm32f427xx.o(.text) referenced from startup_stm32f427xx.o(RESET)
 <LI><a href="#[c1]">SPI3_IRQHandler</a> from startup_stm32f427xx.o(.text) referenced from startup_stm32f427xx.o(RESET)
 <LI><a href="#[e1]">SPI4_IRQHandler</a> from startup_stm32f427xx.o(.text) referenced from startup_stm32f427xx.o(RESET)
 <LI><a href="#[e2]">SPI5_IRQHandler</a> from startup_stm32f427xx.o(.text) referenced from startup_stm32f427xx.o(RESET)
 <LI><a href="#[e3]">SPI6_IRQHandler</a> from startup_stm32f427xx.o(.text) referenced from startup_stm32f427xx.o(RESET)
 <LI><a href="#[8a]">SVC_Handler</a> from port.o(.emb_text) referenced from startup_stm32f427xx.o(RESET)
 <LI><a href="#[4d]">ShootLv_Updata</a> from rm_judgesystem.o(i.ShootLv_Updata) referenced 2 times from rmclient_ui.o(.data)
 <LI><a href="#[46]">ShootLv_show</a> from rm_judgesystem.o(i.ShootLv_show) referenced 2 times from rmclient_ui.o(.data)
 <LI><a href="#[3b]">Shoot_Init</a> from shoot.o(i.Shoot_Init) referenced 2 times from shoot.o(.data)
 <LI><a href="#[3d]">Shoot_openCartridge</a> from shoot.o(i.Shoot_openCartridge) referenced 2 times from shoot.o(.data)
 <LI><a href="#[3c]">Shoot_processing</a> from shoot.o(i.Shoot_processing) referenced 2 times from shoot.o(.data)
 <LI><a href="#[3e]">Shoot_setNeedLaunchCount</a> from shoot.o(i.Shoot_setNeedLaunchCount) referenced 2 times from shoot.o(.data)
 <LI><a href="#[44]">Show_CrossHair</a> from rm_judgesystem.o(i.Show_CrossHair) referenced 2 times from rmclient_ui.o(.data)
 <LI><a href="#[7d]">SuperCapacitor_Switch</a> from supercapacitor.o(i.SuperCapacitor_Switch) referenced 2 times from supercapacitor.o(.data)
 <LI><a href="#[8d]">SysTick_Handler</a> from port.o(i.SysTick_Handler) referenced from startup_stm32f427xx.o(RESET)
 <LI><a href="#[e7]">SystemInit</a> from system_stm32f4xx.o(i.SystemInit) referenced from startup_stm32f427xx.o(.text)
 <LI><a href="#[90]">TAMP_STAMP_IRQHandler</a> from startup_stm32f427xx.o(.text) referenced from startup_stm32f427xx.o(RESET)
 <LI><a href="#[a6]">TIM1_BRK_TIM9_IRQHandler</a> from startup_stm32f427xx.o(.text) referenced from startup_stm32f427xx.o(RESET)
 <LI><a href="#[a9]">TIM1_CC_IRQHandler</a> from startup_stm32f427xx.o(.text) referenced from startup_stm32f427xx.o(RESET)
 <LI><a href="#[a8]">TIM1_TRG_COM_TIM11_IRQHandler</a> from startup_stm32f427xx.o(.text) referenced from startup_stm32f427xx.o(RESET)
 <LI><a href="#[a7]">TIM1_UP_TIM10_IRQHandler</a> from startup_stm32f427xx.o(.text) referenced from startup_stm32f427xx.o(RESET)
 <LI><a href="#[aa]">TIM2_IRQHandler</a> from startup_stm32f427xx.o(.text) referenced from startup_stm32f427xx.o(RESET)
 <LI><a href="#[ab]">TIM3_IRQHandler</a> from startup_stm32f427xx.o(.text) referenced from startup_stm32f427xx.o(RESET)
 <LI><a href="#[ac]">TIM4_IRQHandler</a> from startup_stm32f427xx.o(.text) referenced from startup_stm32f427xx.o(RESET)
 <LI><a href="#[c0]">TIM5_IRQHandler</a> from startup_stm32f427xx.o(.text) referenced from startup_stm32f427xx.o(RESET)
 <LI><a href="#[c4]">TIM6_DAC_IRQHandler</a> from stm32f4xx_it.o(i.TIM6_DAC_IRQHandler) referenced from startup_stm32f427xx.o(RESET)
 <LI><a href="#[c5]">TIM7_IRQHandler</a> from startup_stm32f427xx.o(.text) referenced from startup_stm32f427xx.o(RESET)
 <LI><a href="#[b9]">TIM8_BRK_TIM12_IRQHandler</a> from startup_stm32f427xx.o(.text) referenced from startup_stm32f427xx.o(RESET)
 <LI><a href="#[bc]">TIM8_CC_IRQHandler</a> from startup_stm32f427xx.o(.text) referenced from startup_stm32f427xx.o(RESET)
 <LI><a href="#[bb]">TIM8_TRG_COM_TIM14_IRQHandler</a> from startup_stm32f427xx.o(.text) referenced from startup_stm32f427xx.o(RESET)
 <LI><a href="#[ba]">TIM8_UP_TIM13_IRQHandler</a> from startup_stm32f427xx.o(.text) referenced from startup_stm32f427xx.o(RESET)
 <LI><a href="#[f0]">Test</a> from task_datascope.o(i.Test) referenced from freertos.o(.constdata)
 <LI><a href="#[c2]">UART4_IRQHandler</a> from startup_stm32f427xx.o(.text) referenced from startup_stm32f427xx.o(RESET)
 <LI><a href="#[c3]">UART5_IRQHandler</a> from startup_stm32f427xx.o(.text) referenced from startup_stm32f427xx.o(RESET)
 <LI><a href="#[df]">UART7_IRQHandler</a> from stm32f4xx_it.o(i.UART7_IRQHandler) referenced from startup_stm32f427xx.o(RESET)
 <LI><a href="#[e0]">UART8_IRQHandler</a> from startup_stm32f427xx.o(.text) referenced from startup_stm32f427xx.o(RESET)
 <LI><a href="#[b3]">USART1_IRQHandler</a> from stm32f4xx_it.o(i.USART1_IRQHandler) referenced from startup_stm32f427xx.o(RESET)
 <LI><a href="#[b4]">USART2_IRQHandler</a> from startup_stm32f427xx.o(.text) referenced from startup_stm32f427xx.o(RESET)
 <LI><a href="#[b5]">USART3_IRQHandler</a> from stm32f4xx_it.o(i.USART3_IRQHandler) referenced from startup_stm32f427xx.o(RESET)
 <LI><a href="#[d5]">USART6_IRQHandler</a> from startup_stm32f427xx.o(.text) referenced from startup_stm32f427xx.o(RESET)
 <LI><a href="#[81]">Updata_Hand_Euler_Gyro_Data</a> from dji_c_imu.o(i.Updata_Hand_Euler_Gyro_Data) referenced 2 times from dji_c_imu.o(.data)
 <LI><a href="#[1f]">Update_VisionTarget</a> from control_vision.o(i.Update_VisionTarget) referenced 2 times from control_vision.o(.data)
 <LI><a href="#[89]">UsageFault_Handler</a> from stm32f4xx_it.o(i.UsageFault_Handler) referenced from startup_stm32f427xx.o(RESET)
 <LI><a href="#[4]">Vision_AutoTracPID</a> from pid.o(i.Vision_AutoTracPID) referenced 2 times from chassis_control.o(.data)
 <LI><a href="#[28]">Vision_CP</a> from control_vision.o(i.Vision_CP) referenced 2 times from control_vision.o(.data)
 <LI><a href="#[22]">Vision_Handler</a> from control_vision.o(i.Vision_Handler) referenced 2 times from control_vision.o(.data)
 <LI><a href="#[21]">Vision_ID_Init</a> from control_vision.o(i.Vision_ID_Init) referenced 2 times from control_vision.o(.data)
 <LI><a href="#[1e]">Vision_Init</a> from control_vision.o(i.Vision_Init) referenced 2 times from control_vision.o(.data)
 <LI><a href="#[10]">Vision_PITCHIPID</a> from pid.o(i.Vision_PITCHIPID) referenced 2 times from cloud_control.o(.data)
 <LI><a href="#[f]">Vision_PITCHOPID</a> from pid.o(i.Vision_PITCHOPID) referenced 2 times from cloud_control.o(.data)
 <LI><a href="#[24]">Vision_SendBufFunction</a> from control_vision.o(i.Vision_SendBufFunction) referenced 2 times from control_vision.o(.data)
 <LI><a href="#[23]">Vision_USART_Receive_DMA</a> from control_vision.o(i.Vision_USART_Receive_DMA) referenced 2 times from control_vision.o(.data)
 <LI><a href="#[e]">Vision_YAWIPID</a> from pid.o(i.Vision_YAWIPID) referenced 2 times from cloud_control.o(.data)
 <LI><a href="#[d]">Vision_YAWOPID</a> from pid.o(i.Vision_YAWOPID) referenced 2 times from cloud_control.o(.data)
 <LI><a href="#[20]">Vision_processing</a> from control_vision.o(i.Vision_processing) referenced 2 times from control_vision.o(.data)
 <LI><a href="#[8e]">WWDG_IRQHandler</a> from startup_stm32f427xx.o(.text) referenced from startup_stm32f427xx.o(RESET)
 <LI><a href="#[48]">Yellow_ShowOn</a> from rm_judgesystem.o(i.Yellow_ShowOn) referenced 2 times from rmclient_ui.o(.data)
 <LI><a href="#[e8]">__main</a> from entry.o(.ARM.Collect$$$$00000000) referenced from startup_stm32f427xx.o(.text)
 <LI><a href="#[e9]">_sputc</a> from printfa.o(i._sputc) referenced from printfa.o(i.__0sprintf)
 <LI><a href="#[e6]">main</a> from main.o(i.main) referenced from entry9a.o(.ARM.Collect$$$$0000000B)
 <LI><a href="#[eb]">prvIdleTask</a> from tasks.o(i.prvIdleTask) referenced from tasks.o(i.vTaskStartScheduler)
 <LI><a href="#[ea]">prvTaskExitError</a> from port.o(i.prvTaskExitError) referenced from port.o(i.pxPortInitialiseStack)
</UL>
<P>
<H3>
Global Symbols
</H3>
<P><STRONG><a name="[e8]"></a>__main</STRONG> (Thumb, 0 bytes, Stack size unknown bytes, entry.o(.ARM.Collect$$$$00000000))
<BR>[Address Reference Count : 1]<UL><LI> startup_stm32f427xx.o(.text)
</UL>
<P><STRONG><a name="[276]"></a>_main_stk</STRONG> (Thumb, 0 bytes, Stack size unknown bytes, entry2.o(.ARM.Collect$$$$00000001))

<P><STRONG><a name="[f6]"></a>_main_scatterload</STRONG> (Thumb, 0 bytes, Stack size unknown bytes, entry5.o(.ARM.Collect$$$$00000004))
<BR><BR>[Calls]<UL><LI><a href="#[f7]">&gt;&gt;</a>&nbsp;&nbsp;&nbsp;__scatterload
</UL>

<P><STRONG><a name="[10f]"></a>__main_after_scatterload</STRONG> (Thumb, 0 bytes, Stack size unknown bytes, entry5.o(.ARM.Collect$$$$00000004))
<BR><BR>[Called By]<UL><LI><a href="#[f7]">&gt;&gt;</a>&nbsp;&nbsp;&nbsp;__scatterload
</UL>

<P><STRONG><a name="[277]"></a>_main_clock</STRONG> (Thumb, 0 bytes, Stack size unknown bytes, entry7b.o(.ARM.Collect$$$$00000008))

<P><STRONG><a name="[278]"></a>_main_cpp_init</STRONG> (Thumb, 0 bytes, Stack size unknown bytes, entry8b.o(.ARM.Collect$$$$0000000A))

<P><STRONG><a name="[279]"></a>_main_init</STRONG> (Thumb, 0 bytes, Stack size unknown bytes, entry9a.o(.ARM.Collect$$$$0000000B))

<P><STRONG><a name="[27a]"></a>__rt_lib_shutdown_fini</STRONG> (Thumb, 0 bytes, Stack size unknown bytes, entry12b.o(.ARM.Collect$$$$0000000E))

<P><STRONG><a name="[27b]"></a>__rt_final_cpp</STRONG> (Thumb, 0 bytes, Stack size unknown bytes, entry10a.o(.ARM.Collect$$$$0000000F))

<P><STRONG><a name="[27c]"></a>__rt_final_exit</STRONG> (Thumb, 0 bytes, Stack size unknown bytes, entry11a.o(.ARM.Collect$$$$00000011))

<P><STRONG><a name="[8a]"></a>SVC_Handler</STRONG> (Thumb, 28 bytes, Stack size 0 bytes, port.o(.emb_text))
<BR>[Address Reference Count : 1]<UL><LI> startup_stm32f427xx.o(RESET)
</UL>
<P><STRONG><a name="[272]"></a>__asm___6_port_c_39a90d8d__prvStartFirstTask</STRONG> (Thumb, 36 bytes, Stack size 0 bytes, port.o(.emb_text))
<BR><BR>[Called By]<UL><LI><a href="#[26f]">&gt;&gt;</a>&nbsp;&nbsp;&nbsp;xPortStartScheduler
</UL>

<P><STRONG><a name="[271]"></a>__asm___6_port_c_39a90d8d__prvEnableVFP</STRONG> (Thumb, 16 bytes, Stack size 0 bytes, port.o(.emb_text))
<BR><BR>[Called By]<UL><LI><a href="#[26f]">&gt;&gt;</a>&nbsp;&nbsp;&nbsp;xPortStartScheduler
</UL>

<P><STRONG><a name="[8c]"></a>PendSV_Handler</STRONG> (Thumb, 88 bytes, Stack size 0 bytes, port.o(.emb_text))
<BR><BR>[Calls]<UL><LI><a href="#[f8]">&gt;&gt;</a>&nbsp;&nbsp;&nbsp;vTaskSwitchContext
</UL>
<BR>[Address Reference Count : 1]<UL><LI> startup_stm32f427xx.o(RESET)
</UL>
<P><STRONG><a name="[26b]"></a>vPortGetIPSR</STRONG> (Thumb, 6 bytes, Stack size 0 bytes, port.o(.emb_text))
<BR><BR>[Called By]<UL><LI><a href="#[26a]">&gt;&gt;</a>&nbsp;&nbsp;&nbsp;vPortValidateInterruptPriority
</UL>

<P><STRONG><a name="[84]"></a>Reset_Handler</STRONG> (Thumb, 8 bytes, Stack size 0 bytes, startup_stm32f427xx.o(.text))
<BR>[Address Reference Count : 1]<UL><LI> startup_stm32f427xx.o(RESET)
</UL>
<P><STRONG><a name="[a0]"></a>ADC_IRQHandler</STRONG> (Thumb, 0 bytes, Stack size 0 bytes, startup_stm32f427xx.o(.text))
<BR><BR>[Calls]<UL><LI><a href="#[a0]">&gt;&gt;</a>&nbsp;&nbsp;&nbsp;ADC_IRQHandler
</UL>
<BR>[Called By]<UL><LI><a href="#[a0]">&gt;&gt;</a>&nbsp;&nbsp;&nbsp;ADC_IRQHandler
</UL>
<BR>[Address Reference Count : 1]<UL><LI> startup_stm32f427xx.o(RESET)
</UL>
<P><STRONG><a name="[a3]"></a>CAN1_RX1_IRQHandler</STRONG> (Thumb, 0 bytes, Stack size 0 bytes, startup_stm32f427xx.o(.text))
<BR>[Address Reference Count : 1]<UL><LI> startup_stm32f427xx.o(RESET)
</UL>
<P><STRONG><a name="[a4]"></a>CAN1_SCE_IRQHandler</STRONG> (Thumb, 0 bytes, Stack size 0 bytes, startup_stm32f427xx.o(.text))
<BR>[Address Reference Count : 1]<UL><LI> startup_stm32f427xx.o(RESET)
</UL>
<P><STRONG><a name="[a1]"></a>CAN1_TX_IRQHandler</STRONG> (Thumb, 0 bytes, Stack size 0 bytes, startup_stm32f427xx.o(.text))
<BR>[Address Reference Count : 1]<UL><LI> startup_stm32f427xx.o(RESET)
</UL>
<P><STRONG><a name="[cf]"></a>CAN2_RX1_IRQHandler</STRONG> (Thumb, 0 bytes, Stack size 0 bytes, startup_stm32f427xx.o(.text))
<BR>[Address Reference Count : 1]<UL><LI> startup_stm32f427xx.o(RESET)
</UL>
<P><STRONG><a name="[d0]"></a>CAN2_SCE_IRQHandler</STRONG> (Thumb, 0 bytes, Stack size 0 bytes, startup_stm32f427xx.o(.text))
<BR>[Address Reference Count : 1]<UL><LI> startup_stm32f427xx.o(RESET)
</UL>
<P><STRONG><a name="[cd]"></a>CAN2_TX_IRQHandler</STRONG> (Thumb, 0 bytes, Stack size 0 bytes, startup_stm32f427xx.o(.text))
<BR>[Address Reference Count : 1]<UL><LI> startup_stm32f427xx.o(RESET)
</UL>
<P><STRONG><a name="[dc]"></a>DCMI_IRQHandler</STRONG> (Thumb, 0 bytes, Stack size 0 bytes, startup_stm32f427xx.o(.text))
<BR>[Address Reference Count : 1]<UL><LI> startup_stm32f427xx.o(RESET)
</UL>
<P><STRONG><a name="[99]"></a>DMA1_Stream0_IRQHandler</STRONG> (Thumb, 0 bytes, Stack size 0 bytes, startup_stm32f427xx.o(.text))
<BR>[Address Reference Count : 1]<UL><LI> startup_stm32f427xx.o(RESET)
</UL>
<P><STRONG><a name="[9b]"></a>DMA1_Stream2_IRQHandler</STRONG> (Thumb, 0 bytes, Stack size 0 bytes, startup_stm32f427xx.o(.text))
<BR>[Address Reference Count : 1]<UL><LI> startup_stm32f427xx.o(RESET)
</UL>
<P><STRONG><a name="[9d]"></a>DMA1_Stream4_IRQHandler</STRONG> (Thumb, 0 bytes, Stack size 0 bytes, startup_stm32f427xx.o(.text))
<BR>[Address Reference Count : 1]<UL><LI> startup_stm32f427xx.o(RESET)
</UL>
<P><STRONG><a name="[9e]"></a>DMA1_Stream5_IRQHandler</STRONG> (Thumb, 0 bytes, Stack size 0 bytes, startup_stm32f427xx.o(.text))
<BR>[Address Reference Count : 1]<UL><LI> startup_stm32f427xx.o(RESET)
</UL>
<P><STRONG><a name="[9f]"></a>DMA1_Stream6_IRQHandler</STRONG> (Thumb, 0 bytes, Stack size 0 bytes, startup_stm32f427xx.o(.text))
<BR>[Address Reference Count : 1]<UL><LI> startup_stm32f427xx.o(RESET)
</UL>
<P><STRONG><a name="[bd]"></a>DMA1_Stream7_IRQHandler</STRONG> (Thumb, 0 bytes, Stack size 0 bytes, startup_stm32f427xx.o(.text))
<BR>[Address Reference Count : 1]<UL><LI> startup_stm32f427xx.o(RESET)
</UL>
<P><STRONG><a name="[e5]"></a>DMA2D_IRQHandler</STRONG> (Thumb, 0 bytes, Stack size 0 bytes, startup_stm32f427xx.o(.text))
<BR>[Address Reference Count : 1]<UL><LI> startup_stm32f427xx.o(RESET)
</UL>
<P><STRONG><a name="[c6]"></a>DMA2_Stream0_IRQHandler</STRONG> (Thumb, 0 bytes, Stack size 0 bytes, startup_stm32f427xx.o(.text))
<BR>[Address Reference Count : 1]<UL><LI> startup_stm32f427xx.o(RESET)
</UL>
<P><STRONG><a name="[c7]"></a>DMA2_Stream1_IRQHandler</STRONG> (Thumb, 0 bytes, Stack size 0 bytes, startup_stm32f427xx.o(.text))
<BR>[Address Reference Count : 1]<UL><LI> startup_stm32f427xx.o(RESET)
</UL>
<P><STRONG><a name="[c9]"></a>DMA2_Stream3_IRQHandler</STRONG> (Thumb, 0 bytes, Stack size 0 bytes, startup_stm32f427xx.o(.text))
<BR>[Address Reference Count : 1]<UL><LI> startup_stm32f427xx.o(RESET)
</UL>
<P><STRONG><a name="[ca]"></a>DMA2_Stream4_IRQHandler</STRONG> (Thumb, 0 bytes, Stack size 0 bytes, startup_stm32f427xx.o(.text))
<BR>[Address Reference Count : 1]<UL><LI> startup_stm32f427xx.o(RESET)
</UL>
<P><STRONG><a name="[d2]"></a>DMA2_Stream5_IRQHandler</STRONG> (Thumb, 0 bytes, Stack size 0 bytes, startup_stm32f427xx.o(.text))
<BR>[Address Reference Count : 1]<UL><LI> startup_stm32f427xx.o(RESET)
</UL>
<P><STRONG><a name="[d3]"></a>DMA2_Stream6_IRQHandler</STRONG> (Thumb, 0 bytes, Stack size 0 bytes, startup_stm32f427xx.o(.text))
<BR>[Address Reference Count : 1]<UL><LI> startup_stm32f427xx.o(RESET)
</UL>
<P><STRONG><a name="[d4]"></a>DMA2_Stream7_IRQHandler</STRONG> (Thumb, 0 bytes, Stack size 0 bytes, startup_stm32f427xx.o(.text))
<BR>[Address Reference Count : 1]<UL><LI> startup_stm32f427xx.o(RESET)
</UL>
<P><STRONG><a name="[cb]"></a>ETH_IRQHandler</STRONG> (Thumb, 0 bytes, Stack size 0 bytes, startup_stm32f427xx.o(.text))
<BR>[Address Reference Count : 1]<UL><LI> startup_stm32f427xx.o(RESET)
</UL>
<P><STRONG><a name="[cc]"></a>ETH_WKUP_IRQHandler</STRONG> (Thumb, 0 bytes, Stack size 0 bytes, startup_stm32f427xx.o(.text))
<BR>[Address Reference Count : 1]<UL><LI> startup_stm32f427xx.o(RESET)
</UL>
<P><STRONG><a name="[94]"></a>EXTI0_IRQHandler</STRONG> (Thumb, 0 bytes, Stack size 0 bytes, startup_stm32f427xx.o(.text))
<BR>[Address Reference Count : 1]<UL><LI> startup_stm32f427xx.o(RESET)
</UL>
<P><STRONG><a name="[b6]"></a>EXTI15_10_IRQHandler</STRONG> (Thumb, 0 bytes, Stack size 0 bytes, startup_stm32f427xx.o(.text))
<BR>[Address Reference Count : 1]<UL><LI> startup_stm32f427xx.o(RESET)
</UL>
<P><STRONG><a name="[95]"></a>EXTI1_IRQHandler</STRONG> (Thumb, 0 bytes, Stack size 0 bytes, startup_stm32f427xx.o(.text))
<BR>[Address Reference Count : 1]<UL><LI> startup_stm32f427xx.o(RESET)
</UL>
<P><STRONG><a name="[96]"></a>EXTI2_IRQHandler</STRONG> (Thumb, 0 bytes, Stack size 0 bytes, startup_stm32f427xx.o(.text))
<BR>[Address Reference Count : 1]<UL><LI> startup_stm32f427xx.o(RESET)
</UL>
<P><STRONG><a name="[97]"></a>EXTI3_IRQHandler</STRONG> (Thumb, 0 bytes, Stack size 0 bytes, startup_stm32f427xx.o(.text))
<BR>[Address Reference Count : 1]<UL><LI> startup_stm32f427xx.o(RESET)
</UL>
<P><STRONG><a name="[98]"></a>EXTI4_IRQHandler</STRONG> (Thumb, 0 bytes, Stack size 0 bytes, startup_stm32f427xx.o(.text))
<BR>[Address Reference Count : 1]<UL><LI> startup_stm32f427xx.o(RESET)
</UL>
<P><STRONG><a name="[a5]"></a>EXTI9_5_IRQHandler</STRONG> (Thumb, 0 bytes, Stack size 0 bytes, startup_stm32f427xx.o(.text))
<BR>[Address Reference Count : 1]<UL><LI> startup_stm32f427xx.o(RESET)
</UL>
<P><STRONG><a name="[92]"></a>FLASH_IRQHandler</STRONG> (Thumb, 0 bytes, Stack size 0 bytes, startup_stm32f427xx.o(.text))
<BR>[Address Reference Count : 1]<UL><LI> startup_stm32f427xx.o(RESET)
</UL>
<P><STRONG><a name="[be]"></a>FMC_IRQHandler</STRONG> (Thumb, 0 bytes, Stack size 0 bytes, startup_stm32f427xx.o(.text))
<BR>[Address Reference Count : 1]<UL><LI> startup_stm32f427xx.o(RESET)
</UL>
<P><STRONG><a name="[de]"></a>FPU_IRQHandler</STRONG> (Thumb, 0 bytes, Stack size 0 bytes, startup_stm32f427xx.o(.text))
<BR>[Address Reference Count : 1]<UL><LI> startup_stm32f427xx.o(RESET)
</UL>
<P><STRONG><a name="[dd]"></a>HASH_RNG_IRQHandler</STRONG> (Thumb, 0 bytes, Stack size 0 bytes, startup_stm32f427xx.o(.text))
<BR>[Address Reference Count : 1]<UL><LI> startup_stm32f427xx.o(RESET)
</UL>
<P><STRONG><a name="[ae]"></a>I2C1_ER_IRQHandler</STRONG> (Thumb, 0 bytes, Stack size 0 bytes, startup_stm32f427xx.o(.text))
<BR>[Address Reference Count : 1]<UL><LI> startup_stm32f427xx.o(RESET)
</UL>
<P><STRONG><a name="[ad]"></a>I2C1_EV_IRQHandler</STRONG> (Thumb, 0 bytes, Stack size 0 bytes, startup_stm32f427xx.o(.text))
<BR>[Address Reference Count : 1]<UL><LI> startup_stm32f427xx.o(RESET)
</UL>
<P><STRONG><a name="[b0]"></a>I2C2_ER_IRQHandler</STRONG> (Thumb, 0 bytes, Stack size 0 bytes, startup_stm32f427xx.o(.text))
<BR>[Address Reference Count : 1]<UL><LI> startup_stm32f427xx.o(RESET)
</UL>
<P><STRONG><a name="[af]"></a>I2C2_EV_IRQHandler</STRONG> (Thumb, 0 bytes, Stack size 0 bytes, startup_stm32f427xx.o(.text))
<BR>[Address Reference Count : 1]<UL><LI> startup_stm32f427xx.o(RESET)
</UL>
<P><STRONG><a name="[d7]"></a>I2C3_ER_IRQHandler</STRONG> (Thumb, 0 bytes, Stack size 0 bytes, startup_stm32f427xx.o(.text))
<BR>[Address Reference Count : 1]<UL><LI> startup_stm32f427xx.o(RESET)
</UL>
<P><STRONG><a name="[d6]"></a>I2C3_EV_IRQHandler</STRONG> (Thumb, 0 bytes, Stack size 0 bytes, startup_stm32f427xx.o(.text))
<BR>[Address Reference Count : 1]<UL><LI> startup_stm32f427xx.o(RESET)
</UL>
<P><STRONG><a name="[d1]"></a>OTG_FS_IRQHandler</STRONG> (Thumb, 0 bytes, Stack size 0 bytes, startup_stm32f427xx.o(.text))
<BR>[Address Reference Count : 1]<UL><LI> startup_stm32f427xx.o(RESET)
</UL>
<P><STRONG><a name="[b8]"></a>OTG_FS_WKUP_IRQHandler</STRONG> (Thumb, 0 bytes, Stack size 0 bytes, startup_stm32f427xx.o(.text))
<BR>[Address Reference Count : 1]<UL><LI> startup_stm32f427xx.o(RESET)
</UL>
<P><STRONG><a name="[d9]"></a>OTG_HS_EP1_IN_IRQHandler</STRONG> (Thumb, 0 bytes, Stack size 0 bytes, startup_stm32f427xx.o(.text))
<BR>[Address Reference Count : 1]<UL><LI> startup_stm32f427xx.o(RESET)
</UL>
<P><STRONG><a name="[d8]"></a>OTG_HS_EP1_OUT_IRQHandler</STRONG> (Thumb, 0 bytes, Stack size 0 bytes, startup_stm32f427xx.o(.text))
<BR>[Address Reference Count : 1]<UL><LI> startup_stm32f427xx.o(RESET)
</UL>
<P><STRONG><a name="[db]"></a>OTG_HS_IRQHandler</STRONG> (Thumb, 0 bytes, Stack size 0 bytes, startup_stm32f427xx.o(.text))
<BR>[Address Reference Count : 1]<UL><LI> startup_stm32f427xx.o(RESET)
</UL>
<P><STRONG><a name="[da]"></a>OTG_HS_WKUP_IRQHandler</STRONG> (Thumb, 0 bytes, Stack size 0 bytes, startup_stm32f427xx.o(.text))
<BR>[Address Reference Count : 1]<UL><LI> startup_stm32f427xx.o(RESET)
</UL>
<P><STRONG><a name="[93]"></a>RCC_IRQHandler</STRONG> (Thumb, 0 bytes, Stack size 0 bytes, startup_stm32f427xx.o(.text))
<BR>[Address Reference Count : 1]<UL><LI> startup_stm32f427xx.o(RESET)
</UL>
<P><STRONG><a name="[b7]"></a>RTC_Alarm_IRQHandler</STRONG> (Thumb, 0 bytes, Stack size 0 bytes, startup_stm32f427xx.o(.text))
<BR>[Address Reference Count : 1]<UL><LI> startup_stm32f427xx.o(RESET)
</UL>
<P><STRONG><a name="[91]"></a>RTC_WKUP_IRQHandler</STRONG> (Thumb, 0 bytes, Stack size 0 bytes, startup_stm32f427xx.o(.text))
<BR>[Address Reference Count : 1]<UL><LI> startup_stm32f427xx.o(RESET)
</UL>
<P><STRONG><a name="[e4]"></a>SAI1_IRQHandler</STRONG> (Thumb, 0 bytes, Stack size 0 bytes, startup_stm32f427xx.o(.text))
<BR>[Address Reference Count : 1]<UL><LI> startup_stm32f427xx.o(RESET)
</UL>
<P><STRONG><a name="[bf]"></a>SDIO_IRQHandler</STRONG> (Thumb, 0 bytes, Stack size 0 bytes, startup_stm32f427xx.o(.text))
<BR>[Address Reference Count : 1]<UL><LI> startup_stm32f427xx.o(RESET)
</UL>
<P><STRONG><a name="[b1]"></a>SPI1_IRQHandler</STRONG> (Thumb, 0 bytes, Stack size 0 bytes, startup_stm32f427xx.o(.text))
<BR>[Address Reference Count : 1]<UL><LI> startup_stm32f427xx.o(RESET)
</UL>
<P><STRONG><a name="[b2]"></a>SPI2_IRQHandler</STRONG> (Thumb, 0 bytes, Stack size 0 bytes, startup_stm32f427xx.o(.text))
<BR>[Address Reference Count : 1]<UL><LI> startup_stm32f427xx.o(RESET)
</UL>
<P><STRONG><a name="[c1]"></a>SPI3_IRQHandler</STRONG> (Thumb, 0 bytes, Stack size 0 bytes, startup_stm32f427xx.o(.text))
<BR>[Address Reference Count : 1]<UL><LI> startup_stm32f427xx.o(RESET)
</UL>
<P><STRONG><a name="[e1]"></a>SPI4_IRQHandler</STRONG> (Thumb, 0 bytes, Stack size 0 bytes, startup_stm32f427xx.o(.text))
<BR>[Address Reference Count : 1]<UL><LI> startup_stm32f427xx.o(RESET)
</UL>
<P><STRONG><a name="[e2]"></a>SPI5_IRQHandler</STRONG> (Thumb, 0 bytes, Stack size 0 bytes, startup_stm32f427xx.o(.text))
<BR>[Address Reference Count : 1]<UL><LI> startup_stm32f427xx.o(RESET)
</UL>
<P><STRONG><a name="[e3]"></a>SPI6_IRQHandler</STRONG> (Thumb, 0 bytes, Stack size 0 bytes, startup_stm32f427xx.o(.text))
<BR>[Address Reference Count : 1]<UL><LI> startup_stm32f427xx.o(RESET)
</UL>
<P><STRONG><a name="[90]"></a>TAMP_STAMP_IRQHandler</STRONG> (Thumb, 0 bytes, Stack size 0 bytes, startup_stm32f427xx.o(.text))
<BR>[Address Reference Count : 1]<UL><LI> startup_stm32f427xx.o(RESET)
</UL>
<P><STRONG><a name="[a6]"></a>TIM1_BRK_TIM9_IRQHandler</STRONG> (Thumb, 0 bytes, Stack size 0 bytes, startup_stm32f427xx.o(.text))
<BR>[Address Reference Count : 1]<UL><LI> startup_stm32f427xx.o(RESET)
</UL>
<P><STRONG><a name="[a9]"></a>TIM1_CC_IRQHandler</STRONG> (Thumb, 0 bytes, Stack size 0 bytes, startup_stm32f427xx.o(.text))
<BR>[Address Reference Count : 1]<UL><LI> startup_stm32f427xx.o(RESET)
</UL>
<P><STRONG><a name="[a8]"></a>TIM1_TRG_COM_TIM11_IRQHandler</STRONG> (Thumb, 0 bytes, Stack size 0 bytes, startup_stm32f427xx.o(.text))
<BR>[Address Reference Count : 1]<UL><LI> startup_stm32f427xx.o(RESET)
</UL>
<P><STRONG><a name="[a7]"></a>TIM1_UP_TIM10_IRQHandler</STRONG> (Thumb, 0 bytes, Stack size 0 bytes, startup_stm32f427xx.o(.text))
<BR>[Address Reference Count : 1]<UL><LI> startup_stm32f427xx.o(RESET)
</UL>
<P><STRONG><a name="[aa]"></a>TIM2_IRQHandler</STRONG> (Thumb, 0 bytes, Stack size 0 bytes, startup_stm32f427xx.o(.text))
<BR>[Address Reference Count : 1]<UL><LI> startup_stm32f427xx.o(RESET)
</UL>
<P><STRONG><a name="[ab]"></a>TIM3_IRQHandler</STRONG> (Thumb, 0 bytes, Stack size 0 bytes, startup_stm32f427xx.o(.text))
<BR>[Address Reference Count : 1]<UL><LI> startup_stm32f427xx.o(RESET)
</UL>
<P><STRONG><a name="[ac]"></a>TIM4_IRQHandler</STRONG> (Thumb, 0 bytes, Stack size 0 bytes, startup_stm32f427xx.o(.text))
<BR>[Address Reference Count : 1]<UL><LI> startup_stm32f427xx.o(RESET)
</UL>
<P><STRONG><a name="[c0]"></a>TIM5_IRQHandler</STRONG> (Thumb, 0 bytes, Stack size 0 bytes, startup_stm32f427xx.o(.text))
<BR>[Address Reference Count : 1]<UL><LI> startup_stm32f427xx.o(RESET)
</UL>
<P><STRONG><a name="[c5]"></a>TIM7_IRQHandler</STRONG> (Thumb, 0 bytes, Stack size 0 bytes, startup_stm32f427xx.o(.text))
<BR>[Address Reference Count : 1]<UL><LI> startup_stm32f427xx.o(RESET)
</UL>
<P><STRONG><a name="[b9]"></a>TIM8_BRK_TIM12_IRQHandler</STRONG> (Thumb, 0 bytes, Stack size 0 bytes, startup_stm32f427xx.o(.text))
<BR>[Address Reference Count : 1]<UL><LI> startup_stm32f427xx.o(RESET)
</UL>
<P><STRONG><a name="[bc]"></a>TIM8_CC_IRQHandler</STRONG> (Thumb, 0 bytes, Stack size 0 bytes, startup_stm32f427xx.o(.text))
<BR>[Address Reference Count : 1]<UL><LI> startup_stm32f427xx.o(RESET)
</UL>
<P><STRONG><a name="[bb]"></a>TIM8_TRG_COM_TIM14_IRQHandler</STRONG> (Thumb, 0 bytes, Stack size 0 bytes, startup_stm32f427xx.o(.text))
<BR>[Address Reference Count : 1]<UL><LI> startup_stm32f427xx.o(RESET)
</UL>
<P><STRONG><a name="[ba]"></a>TIM8_UP_TIM13_IRQHandler</STRONG> (Thumb, 0 bytes, Stack size 0 bytes, startup_stm32f427xx.o(.text))
<BR>[Address Reference Count : 1]<UL><LI> startup_stm32f427xx.o(RESET)
</UL>
<P><STRONG><a name="[c2]"></a>UART4_IRQHandler</STRONG> (Thumb, 0 bytes, Stack size 0 bytes, startup_stm32f427xx.o(.text))
<BR>[Address Reference Count : 1]<UL><LI> startup_stm32f427xx.o(RESET)
</UL>
<P><STRONG><a name="[c3]"></a>UART5_IRQHandler</STRONG> (Thumb, 0 bytes, Stack size 0 bytes, startup_stm32f427xx.o(.text))
<BR>[Address Reference Count : 1]<UL><LI> startup_stm32f427xx.o(RESET)
</UL>
<P><STRONG><a name="[e0]"></a>UART8_IRQHandler</STRONG> (Thumb, 0 bytes, Stack size 0 bytes, startup_stm32f427xx.o(.text))
<BR>[Address Reference Count : 1]<UL><LI> startup_stm32f427xx.o(RESET)
</UL>
<P><STRONG><a name="[b4]"></a>USART2_IRQHandler</STRONG> (Thumb, 0 bytes, Stack size 0 bytes, startup_stm32f427xx.o(.text))
<BR>[Address Reference Count : 1]<UL><LI> startup_stm32f427xx.o(RESET)
</UL>
<P><STRONG><a name="[d5]"></a>USART6_IRQHandler</STRONG> (Thumb, 0 bytes, Stack size 0 bytes, startup_stm32f427xx.o(.text))
<BR>[Address Reference Count : 1]<UL><LI> startup_stm32f427xx.o(RESET)
</UL>
<P><STRONG><a name="[8e]"></a>WWDG_IRQHandler</STRONG> (Thumb, 0 bytes, Stack size 0 bytes, startup_stm32f427xx.o(.text))
<BR>[Address Reference Count : 1]<UL><LI> startup_stm32f427xx.o(RESET)
</UL>
<P><STRONG><a name="[23f]"></a>arm_mat_add_f32</STRONG> (Thumb, 264 bytes, Stack size 12 bytes, arm_mat_add_f32.o(.text))
<BR><BR>[Stack]<UL><LI>Max Depth = 12<LI>Call Chain = arm_mat_add_f32
</UL>
<BR>[Called By]<UL><LI><a href="#[14a]">&gt;&gt;</a>&nbsp;&nbsp;&nbsp;kalman_filter_calc
</UL>

<P><STRONG><a name="[23d]"></a>arm_mat_init_f32</STRONG> (Thumb, 8 bytes, Stack size 0 bytes, arm_mat_init_f32.o(.text))
<BR><BR>[Called By]<UL><LI><a href="#[152]">&gt;&gt;</a>&nbsp;&nbsp;&nbsp;kalman_filter_init
<LI><a href="#[14a]">&gt;&gt;</a>&nbsp;&nbsp;&nbsp;kalman_filter_calc
</UL>

<P><STRONG><a name="[240]"></a>arm_mat_inverse_f32</STRONG> (Thumb, 1328 bytes, Stack size 60 bytes, arm_mat_inverse_f32.o(.text))
<BR><BR>[Stack]<UL><LI>Max Depth = 60<LI>Call Chain = arm_mat_inverse_f32
</UL>
<BR>[Called By]<UL><LI><a href="#[14a]">&gt;&gt;</a>&nbsp;&nbsp;&nbsp;kalman_filter_calc
</UL>

<P><STRONG><a name="[23e]"></a>arm_mat_mult_f32</STRONG> (Thumb, 312 bytes, Stack size 44 bytes, arm_mat_mult_f32.o(.text))
<BR><BR>[Stack]<UL><LI>Max Depth = 44<LI>Call Chain = arm_mat_mult_f32
</UL>
<BR>[Called By]<UL><LI><a href="#[14a]">&gt;&gt;</a>&nbsp;&nbsp;&nbsp;kalman_filter_calc
</UL>

<P><STRONG><a name="[241]"></a>arm_mat_sub_f32</STRONG> (Thumb, 264 bytes, Stack size 12 bytes, arm_mat_sub_f32.o(.text))
<BR><BR>[Stack]<UL><LI>Max Depth = 12<LI>Call Chain = arm_mat_sub_f32
</UL>
<BR>[Called By]<UL><LI><a href="#[14a]">&gt;&gt;</a>&nbsp;&nbsp;&nbsp;kalman_filter_calc
</UL>

<P><STRONG><a name="[242]"></a>arm_mat_trans_f32</STRONG> (Thumb, 276 bytes, Stack size 44 bytes, arm_mat_trans_f32.o(.text))
<BR><BR>[Stack]<UL><LI>Max Depth = 44<LI>Call Chain = arm_mat_trans_f32
</UL>
<BR>[Called By]<UL><LI><a href="#[152]">&gt;&gt;</a>&nbsp;&nbsp;&nbsp;kalman_filter_init
</UL>

<P><STRONG><a name="[f9]"></a>__aeabi_uldivmod</STRONG> (Thumb, 98 bytes, Stack size 40 bytes, uldiv.o(.text))
<BR><BR>[Stack]<UL><LI>Max Depth = 40<LI>Call Chain = __aeabi_uldivmod
</UL>
<BR>[Calls]<UL><LI><a href="#[fa]">&gt;&gt;</a>&nbsp;&nbsp;&nbsp;__aeabi_llsr
<LI><a href="#[fb]">&gt;&gt;</a>&nbsp;&nbsp;&nbsp;__aeabi_llsl
</UL>
<BR>[Called By]<UL><LI><a href="#[1c7]">&gt;&gt;</a>&nbsp;&nbsp;&nbsp;UART_SetConfig
<LI><a href="#[1a1]">&gt;&gt;</a>&nbsp;&nbsp;&nbsp;HAL_RCC_GetSysClockFreq
<LI><a href="#[21e]">&gt;&gt;</a>&nbsp;&nbsp;&nbsp;_printf_core
<LI><a href="#[231]">&gt;&gt;</a>&nbsp;&nbsp;&nbsp;_fp_digits
</UL>

<P><STRONG><a name="[131]"></a>__aeabi_memcpy</STRONG> (Thumb, 36 bytes, Stack size 0 bytes, memcpya.o(.text))
<BR><BR>[Called By]<UL><LI><a href="#[257]">&gt;&gt;</a>&nbsp;&nbsp;&nbsp;prvCopyDataToQueue
<LI><a href="#[256]">&gt;&gt;</a>&nbsp;&nbsp;&nbsp;prvCopyDataFromQueue
<LI><a href="#[4d]">&gt;&gt;</a>&nbsp;&nbsp;&nbsp;ShootLv_Updata
<LI><a href="#[4f]">&gt;&gt;</a>&nbsp;&nbsp;&nbsp;LEDYellow_MeanUpdate
<LI><a href="#[51]">&gt;&gt;</a>&nbsp;&nbsp;&nbsp;LEDPurple_MeanUpdate
<LI><a href="#[52]">&gt;&gt;</a>&nbsp;&nbsp;&nbsp;LEDPink_MeanUpdate
<LI><a href="#[50]">&gt;&gt;</a>&nbsp;&nbsp;&nbsp;LEDOrange_MeanUpdate
<LI><a href="#[53]">&gt;&gt;</a>&nbsp;&nbsp;&nbsp;LEDGreen_MeanUpdate
<LI><a href="#[45]">&gt;&gt;</a>&nbsp;&nbsp;&nbsp;Car_DistanceFrame
<LI><a href="#[4e]">&gt;&gt;</a>&nbsp;&nbsp;&nbsp;Cap_EnergyUpdata
<LI><a href="#[216]">&gt;&gt;</a>&nbsp;&nbsp;&nbsp;Standard_CrossHair
<LI><a href="#[210]">&gt;&gt;</a>&nbsp;&nbsp;&nbsp;Show_ShootLevel
<LI><a href="#[20f]">&gt;&gt;</a>&nbsp;&nbsp;&nbsp;ShootLv_Init
<LI><a href="#[1e0]">&gt;&gt;</a>&nbsp;&nbsp;&nbsp;LEDYellow_Mean
<LI><a href="#[1df]">&gt;&gt;</a>&nbsp;&nbsp;&nbsp;LEDPurple_Mean
<LI><a href="#[1de]">&gt;&gt;</a>&nbsp;&nbsp;&nbsp;LEDPink_Mean
<LI><a href="#[1dd]">&gt;&gt;</a>&nbsp;&nbsp;&nbsp;LEDOrange_Mean
<LI><a href="#[17b]">&gt;&gt;</a>&nbsp;&nbsp;&nbsp;LEDGreen_Mean
<LI><a href="#[1d8]">&gt;&gt;</a>&nbsp;&nbsp;&nbsp;Judge_GetMessage
<LI><a href="#[16b]">&gt;&gt;</a>&nbsp;&nbsp;&nbsp;Ex_CrossHair
<LI><a href="#[12d]">&gt;&gt;</a>&nbsp;&nbsp;&nbsp;Capacitance_Value
<LI><a href="#[12e]">&gt;&gt;</a>&nbsp;&nbsp;&nbsp;Cap_Energy
</UL>

<P><STRONG><a name="[11b]"></a>__aeabi_memcpy4</STRONG> (Thumb, 0 bytes, Stack size 0 bytes, memcpya.o(.text))
<BR><BR>[Called By]<UL><LI><a href="#[ee]">&gt;&gt;</a>&nbsp;&nbsp;&nbsp;Can2Receives
<LI><a href="#[ed]">&gt;&gt;</a>&nbsp;&nbsp;&nbsp;Can1Receives
<LI><a href="#[f1]">&gt;&gt;</a>&nbsp;&nbsp;&nbsp;All_Init
<LI><a href="#[1ee]">&gt;&gt;</a>&nbsp;&nbsp;&nbsp;MX_FREERTOS_Init
<LI><a href="#[55]">&gt;&gt;</a>&nbsp;&nbsp;&nbsp;CAN_RxMessage_Export_Date
<LI><a href="#[164]">&gt;&gt;</a>&nbsp;&nbsp;&nbsp;mpu_device_init
</UL>

<P><STRONG><a name="[27d]"></a>__aeabi_memcpy8</STRONG> (Thumb, 0 bytes, Stack size 0 bytes, memcpya.o(.text), UNUSED)

<P><STRONG><a name="[fd]"></a>__aeabi_memset</STRONG> (Thumb, 14 bytes, Stack size 0 bytes, memseta.o(.text), UNUSED)
<BR><BR>[Called By]<UL><LI><a href="#[fe]">&gt;&gt;</a>&nbsp;&nbsp;&nbsp;memset
<LI><a href="#[fc]">&gt;&gt;</a>&nbsp;&nbsp;&nbsp;__aeabi_memclr
</UL>

<P><STRONG><a name="[27e]"></a>__aeabi_memset4</STRONG> (Thumb, 0 bytes, Stack size 0 bytes, memseta.o(.text), UNUSED)

<P><STRONG><a name="[27f]"></a>__aeabi_memset8</STRONG> (Thumb, 0 bytes, Stack size 0 bytes, memseta.o(.text), UNUSED)

<P><STRONG><a name="[fc]"></a>__aeabi_memclr</STRONG> (Thumb, 4 bytes, Stack size 0 bytes, memseta.o(.text), UNUSED)
<BR><BR>[Calls]<UL><LI><a href="#[fd]">&gt;&gt;</a>&nbsp;&nbsp;&nbsp;__aeabi_memset
</UL>

<P><STRONG><a name="[112]"></a>__aeabi_memclr4</STRONG> (Thumb, 0 bytes, Stack size 0 bytes, memseta.o(.text))
<BR><BR>[Called By]<UL><LI><a href="#[181]">&gt;&gt;</a>&nbsp;&nbsp;&nbsp;HAL_CAN_MspInit
<LI><a href="#[17d]">&gt;&gt;</a>&nbsp;&nbsp;&nbsp;HAL_ADC_MspInit
<LI><a href="#[1f8]">&gt;&gt;</a>&nbsp;&nbsp;&nbsp;MX_TIM5_Init
<LI><a href="#[1f6]">&gt;&gt;</a>&nbsp;&nbsp;&nbsp;MX_TIM3_Init
<LI><a href="#[1f5]">&gt;&gt;</a>&nbsp;&nbsp;&nbsp;MX_TIM12_Init
<LI><a href="#[1f0]">&gt;&gt;</a>&nbsp;&nbsp;&nbsp;MX_GPIO_Init
<LI><a href="#[218]">&gt;&gt;</a>&nbsp;&nbsp;&nbsp;SystemClock_Config
<LI><a href="#[1c6]">&gt;&gt;</a>&nbsp;&nbsp;&nbsp;HAL_UART_MspInit
<LI><a href="#[1bb]">&gt;&gt;</a>&nbsp;&nbsp;&nbsp;HAL_TIM_MspPostInit
<LI><a href="#[1a9]">&gt;&gt;</a>&nbsp;&nbsp;&nbsp;HAL_SPI_MspInit
<LI><a href="#[5c]">&gt;&gt;</a>&nbsp;&nbsp;&nbsp;ANO_Send_FloatData_2
<LI><a href="#[5a]">&gt;&gt;</a>&nbsp;&nbsp;&nbsp;ANO_Send_FloatData
<LI><a href="#[5b]">&gt;&gt;</a>&nbsp;&nbsp;&nbsp;ANO_Send_Data_V4
</UL>

<P><STRONG><a name="[280]"></a>__aeabi_memclr8</STRONG> (Thumb, 0 bytes, Stack size 0 bytes, memseta.o(.text), UNUSED)

<P><STRONG><a name="[fe]"></a>memset</STRONG> (Thumb, 18 bytes, Stack size 8 bytes, memseta.o(.text), UNUSED)
<BR><BR>[Calls]<UL><LI><a href="#[fd]">&gt;&gt;</a>&nbsp;&nbsp;&nbsp;__aeabi_memset
</UL>

<P><STRONG><a name="[135]"></a>strcat</STRONG> (Thumb, 24 bytes, Stack size 0 bytes, strcat.o(.text))
<BR><BR>[Called By]<UL><LI><a href="#[4e]">&gt;&gt;</a>&nbsp;&nbsp;&nbsp;Cap_EnergyUpdata
<LI><a href="#[12d]">&gt;&gt;</a>&nbsp;&nbsp;&nbsp;Capacitance_Value
</UL>

<P><STRONG><a name="[130]"></a>strcpy</STRONG> (Thumb, 18 bytes, Stack size 0 bytes, strcpy.o(.text))
<BR><BR>[Called By]<UL><LI><a href="#[4f]">&gt;&gt;</a>&nbsp;&nbsp;&nbsp;LEDYellow_MeanUpdate
<LI><a href="#[51]">&gt;&gt;</a>&nbsp;&nbsp;&nbsp;LEDPurple_MeanUpdate
<LI><a href="#[52]">&gt;&gt;</a>&nbsp;&nbsp;&nbsp;LEDPink_MeanUpdate
<LI><a href="#[50]">&gt;&gt;</a>&nbsp;&nbsp;&nbsp;LEDOrange_MeanUpdate
<LI><a href="#[53]">&gt;&gt;</a>&nbsp;&nbsp;&nbsp;LEDGreen_MeanUpdate
<LI><a href="#[134]">&gt;&gt;</a>&nbsp;&nbsp;&nbsp;int_into_char
<LI><a href="#[210]">&gt;&gt;</a>&nbsp;&nbsp;&nbsp;Show_ShootLevel
<LI><a href="#[1e0]">&gt;&gt;</a>&nbsp;&nbsp;&nbsp;LEDYellow_Mean
<LI><a href="#[1df]">&gt;&gt;</a>&nbsp;&nbsp;&nbsp;LEDPurple_Mean
<LI><a href="#[1de]">&gt;&gt;</a>&nbsp;&nbsp;&nbsp;LEDPink_Mean
<LI><a href="#[1dd]">&gt;&gt;</a>&nbsp;&nbsp;&nbsp;LEDOrange_Mean
<LI><a href="#[17b]">&gt;&gt;</a>&nbsp;&nbsp;&nbsp;LEDGreen_Mean
<LI><a href="#[12e]">&gt;&gt;</a>&nbsp;&nbsp;&nbsp;Cap_Energy
</UL>

<P><STRONG><a name="[ff]"></a>__aeabi_dadd</STRONG> (Thumb, 322 bytes, Stack size 48 bytes, dadd.o(.text))
<BR><BR>[Stack]<UL><LI>Max Depth = 88<LI>Call Chain = __aeabi_dadd &rArr; _double_epilogue &rArr; _double_round
</UL>
<BR>[Calls]<UL><LI><a href="#[100]">&gt;&gt;</a>&nbsp;&nbsp;&nbsp;__aeabi_lasr
<LI><a href="#[fb]">&gt;&gt;</a>&nbsp;&nbsp;&nbsp;__aeabi_llsl
<LI><a href="#[102]">&gt;&gt;</a>&nbsp;&nbsp;&nbsp;_double_round
<LI><a href="#[101]">&gt;&gt;</a>&nbsp;&nbsp;&nbsp;_double_epilogue
</UL>
<BR>[Called By]<UL><LI><a href="#[139]">&gt;&gt;</a>&nbsp;&nbsp;&nbsp;Omnidirectional_Formula
<LI><a href="#[103]">&gt;&gt;</a>&nbsp;&nbsp;&nbsp;__aeabi_dsub
<LI><a href="#[14d]">&gt;&gt;</a>&nbsp;&nbsp;&nbsp;IMU_LimUpdate
<LI><a href="#[104]">&gt;&gt;</a>&nbsp;&nbsp;&nbsp;__aeabi_drsub
<LI><a href="#[171]">&gt;&gt;</a>&nbsp;&nbsp;&nbsp;__hardfp_pow
<LI><a href="#[1cd]">&gt;&gt;</a>&nbsp;&nbsp;&nbsp;__hardfp_asin
<LI><a href="#[78]">&gt;&gt;</a>&nbsp;&nbsp;&nbsp;HAL_imu_attitude_update
<LI><a href="#[22c]">&gt;&gt;</a>&nbsp;&nbsp;&nbsp;__kernel_sin
<LI><a href="#[22b]">&gt;&gt;</a>&nbsp;&nbsp;&nbsp;__ieee754_rem_pio2
<LI><a href="#[224]">&gt;&gt;</a>&nbsp;&nbsp;&nbsp;__kernel_poly
<LI><a href="#[228]">&gt;&gt;</a>&nbsp;&nbsp;&nbsp;__mathlib_dbl_infnan2
<LI><a href="#[21f]">&gt;&gt;</a>&nbsp;&nbsp;&nbsp;__mathlib_dbl_infnan
<LI><a href="#[227]">&gt;&gt;</a>&nbsp;&nbsp;&nbsp;__hardfp_atan
<LI><a href="#[231]">&gt;&gt;</a>&nbsp;&nbsp;&nbsp;_fp_digits
</UL>

<P><STRONG><a name="[103]"></a>__aeabi_dsub</STRONG> (Thumb, 6 bytes, Stack size 0 bytes, dadd.o(.text))
<BR><BR>[Stack]<UL><LI>Max Depth = 88<LI>Call Chain = __aeabi_dsub &rArr; __aeabi_dadd &rArr; _double_epilogue &rArr; _double_round
</UL>
<BR>[Calls]<UL><LI><a href="#[ff]">&gt;&gt;</a>&nbsp;&nbsp;&nbsp;__aeabi_dadd
</UL>
<BR>[Called By]<UL><LI><a href="#[139]">&gt;&gt;</a>&nbsp;&nbsp;&nbsp;Omnidirectional_Formula
<LI><a href="#[160]">&gt;&gt;</a>&nbsp;&nbsp;&nbsp;CountLaunchBullet
<LI><a href="#[14d]">&gt;&gt;</a>&nbsp;&nbsp;&nbsp;IMU_LimUpdate
<LI><a href="#[171]">&gt;&gt;</a>&nbsp;&nbsp;&nbsp;__hardfp_pow
<LI><a href="#[1cc]">&gt;&gt;</a>&nbsp;&nbsp;&nbsp;__hardfp_atan2
<LI><a href="#[1cd]">&gt;&gt;</a>&nbsp;&nbsp;&nbsp;__hardfp_asin
<LI><a href="#[22c]">&gt;&gt;</a>&nbsp;&nbsp;&nbsp;__kernel_sin
<LI><a href="#[22b]">&gt;&gt;</a>&nbsp;&nbsp;&nbsp;__ieee754_rem_pio2
<LI><a href="#[22d]">&gt;&gt;</a>&nbsp;&nbsp;&nbsp;__kernel_cos
<LI><a href="#[227]">&gt;&gt;</a>&nbsp;&nbsp;&nbsp;__hardfp_atan
</UL>

<P><STRONG><a name="[104]"></a>__aeabi_drsub</STRONG> (Thumb, 6 bytes, Stack size 0 bytes, dadd.o(.text))
<BR><BR>[Stack]<UL><LI>Max Depth = 88<LI>Call Chain = __aeabi_drsub &rArr; __aeabi_dadd &rArr; _double_epilogue &rArr; _double_round
</UL>
<BR>[Calls]<UL><LI><a href="#[ff]">&gt;&gt;</a>&nbsp;&nbsp;&nbsp;__aeabi_dadd
</UL>
<BR>[Called By]<UL><LI><a href="#[140]">&gt;&gt;</a>&nbsp;&nbsp;&nbsp;Follow
<LI><a href="#[171]">&gt;&gt;</a>&nbsp;&nbsp;&nbsp;__hardfp_pow
<LI><a href="#[1cc]">&gt;&gt;</a>&nbsp;&nbsp;&nbsp;__hardfp_atan2
<LI><a href="#[1cd]">&gt;&gt;</a>&nbsp;&nbsp;&nbsp;__hardfp_asin
<LI><a href="#[22c]">&gt;&gt;</a>&nbsp;&nbsp;&nbsp;__kernel_sin
<LI><a href="#[22b]">&gt;&gt;</a>&nbsp;&nbsp;&nbsp;__ieee754_rem_pio2
<LI><a href="#[22d]">&gt;&gt;</a>&nbsp;&nbsp;&nbsp;__kernel_cos
<LI><a href="#[227]">&gt;&gt;</a>&nbsp;&nbsp;&nbsp;__hardfp_atan
</UL>

<P><STRONG><a name="[105]"></a>__aeabi_dmul</STRONG> (Thumb, 228 bytes, Stack size 48 bytes, dmul.o(.text))
<BR><BR>[Stack]<UL><LI>Max Depth = 88<LI>Call Chain = __aeabi_dmul &rArr; _double_epilogue &rArr; _double_round
</UL>
<BR>[Calls]<UL><LI><a href="#[101]">&gt;&gt;</a>&nbsp;&nbsp;&nbsp;_double_epilogue
</UL>
<BR>[Called By]<UL><LI><a href="#[139]">&gt;&gt;</a>&nbsp;&nbsp;&nbsp;Omnidirectional_Formula
<LI><a href="#[211]">&gt;&gt;</a>&nbsp;&nbsp;&nbsp;Shoot_getMaxShootAmount
<LI><a href="#[160]">&gt;&gt;</a>&nbsp;&nbsp;&nbsp;CountLaunchBullet
<LI><a href="#[16f]">&gt;&gt;</a>&nbsp;&nbsp;&nbsp;FPS_Calculate
<LI><a href="#[7]">&gt;&gt;</a>&nbsp;&nbsp;&nbsp;Chassis_processing
<LI><a href="#[171]">&gt;&gt;</a>&nbsp;&nbsp;&nbsp;__hardfp_pow
<LI><a href="#[1cd]">&gt;&gt;</a>&nbsp;&nbsp;&nbsp;__hardfp_asin
<LI><a href="#[205]">&gt;&gt;</a>&nbsp;&nbsp;&nbsp;RemoteControl_PC_Update
<LI><a href="#[78]">&gt;&gt;</a>&nbsp;&nbsp;&nbsp;HAL_imu_attitude_update
<LI><a href="#[22c]">&gt;&gt;</a>&nbsp;&nbsp;&nbsp;__kernel_sin
<LI><a href="#[22b]">&gt;&gt;</a>&nbsp;&nbsp;&nbsp;__ieee754_rem_pio2
<LI><a href="#[224]">&gt;&gt;</a>&nbsp;&nbsp;&nbsp;__kernel_poly
<LI><a href="#[223]">&gt;&gt;</a>&nbsp;&nbsp;&nbsp;__mathlib_dbl_underflow
<LI><a href="#[22f]">&gt;&gt;</a>&nbsp;&nbsp;&nbsp;__mathlib_dbl_overflow
<LI><a href="#[22d]">&gt;&gt;</a>&nbsp;&nbsp;&nbsp;__kernel_cos
<LI><a href="#[227]">&gt;&gt;</a>&nbsp;&nbsp;&nbsp;__hardfp_atan
<LI><a href="#[231]">&gt;&gt;</a>&nbsp;&nbsp;&nbsp;_fp_digits
</UL>

<P><STRONG><a name="[106]"></a>__aeabi_ddiv</STRONG> (Thumb, 222 bytes, Stack size 32 bytes, ddiv.o(.text))
<BR><BR>[Stack]<UL><LI>Max Depth = 40<LI>Call Chain = __aeabi_ddiv &rArr; _double_round
</UL>
<BR>[Calls]<UL><LI><a href="#[102]">&gt;&gt;</a>&nbsp;&nbsp;&nbsp;_double_round
</UL>
<BR>[Called By]<UL><LI><a href="#[140]">&gt;&gt;</a>&nbsp;&nbsp;&nbsp;Follow
<LI><a href="#[16f]">&gt;&gt;</a>&nbsp;&nbsp;&nbsp;FPS_Calculate
<LI><a href="#[171]">&gt;&gt;</a>&nbsp;&nbsp;&nbsp;__hardfp_pow
<LI><a href="#[1cc]">&gt;&gt;</a>&nbsp;&nbsp;&nbsp;__hardfp_atan2
<LI><a href="#[1cd]">&gt;&gt;</a>&nbsp;&nbsp;&nbsp;__hardfp_asin
<LI><a href="#[221]">&gt;&gt;</a>&nbsp;&nbsp;&nbsp;__mathlib_dbl_invalid
<LI><a href="#[22e]">&gt;&gt;</a>&nbsp;&nbsp;&nbsp;__mathlib_dbl_divzero
<LI><a href="#[227]">&gt;&gt;</a>&nbsp;&nbsp;&nbsp;__hardfp_atan
<LI><a href="#[231]">&gt;&gt;</a>&nbsp;&nbsp;&nbsp;_fp_digits
</UL>

<P><STRONG><a name="[107]"></a>__aeabi_i2d</STRONG> (Thumb, 34 bytes, Stack size 16 bytes, dflti.o(.text))
<BR><BR>[Stack]<UL><LI>Max Depth = 56<LI>Call Chain = __aeabi_i2d &rArr; _double_epilogue &rArr; _double_round
</UL>
<BR>[Calls]<UL><LI><a href="#[101]">&gt;&gt;</a>&nbsp;&nbsp;&nbsp;_double_epilogue
</UL>
<BR>[Called By]<UL><LI><a href="#[2]">&gt;&gt;</a>&nbsp;&nbsp;&nbsp;ClassisFollow_PID
<LI><a href="#[211]">&gt;&gt;</a>&nbsp;&nbsp;&nbsp;Shoot_getMaxShootAmount
<LI><a href="#[160]">&gt;&gt;</a>&nbsp;&nbsp;&nbsp;CountLaunchBullet
<LI><a href="#[7]">&gt;&gt;</a>&nbsp;&nbsp;&nbsp;Chassis_processing
<LI><a href="#[171]">&gt;&gt;</a>&nbsp;&nbsp;&nbsp;__hardfp_pow
<LI><a href="#[205]">&gt;&gt;</a>&nbsp;&nbsp;&nbsp;RemoteControl_PC_Update
<LI><a href="#[165]">&gt;&gt;</a>&nbsp;&nbsp;&nbsp;init_quaternion
<LI><a href="#[22b]">&gt;&gt;</a>&nbsp;&nbsp;&nbsp;__ieee754_rem_pio2
</UL>

<P><STRONG><a name="[108]"></a>__aeabi_ui2d</STRONG> (Thumb, 26 bytes, Stack size 16 bytes, dfltui.o(.text))
<BR><BR>[Stack]<UL><LI>Max Depth = 56<LI>Call Chain = __aeabi_ui2d &rArr; _double_epilogue &rArr; _double_round
</UL>
<BR>[Calls]<UL><LI><a href="#[101]">&gt;&gt;</a>&nbsp;&nbsp;&nbsp;_double_epilogue
</UL>
<BR>[Called By]<UL><LI><a href="#[16f]">&gt;&gt;</a>&nbsp;&nbsp;&nbsp;FPS_Calculate
<LI><a href="#[7]">&gt;&gt;</a>&nbsp;&nbsp;&nbsp;Chassis_processing
<LI><a href="#[22b]">&gt;&gt;</a>&nbsp;&nbsp;&nbsp;__ieee754_rem_pio2
</UL>

<P><STRONG><a name="[109]"></a>__aeabi_d2iz</STRONG> (Thumb, 62 bytes, Stack size 16 bytes, dfixi.o(.text))
<BR><BR>[Stack]<UL><LI>Max Depth = 16<LI>Call Chain = __aeabi_d2iz
</UL>
<BR>[Calls]<UL><LI><a href="#[fa]">&gt;&gt;</a>&nbsp;&nbsp;&nbsp;__aeabi_llsr
</UL>
<BR>[Called By]<UL><LI><a href="#[211]">&gt;&gt;</a>&nbsp;&nbsp;&nbsp;Shoot_getMaxShootAmount
<LI><a href="#[22b]">&gt;&gt;</a>&nbsp;&nbsp;&nbsp;__ieee754_rem_pio2
<LI><a href="#[22d]">&gt;&gt;</a>&nbsp;&nbsp;&nbsp;__kernel_cos
</UL>

<P><STRONG><a name="[10a]"></a>__aeabi_d2uiz</STRONG> (Thumb, 50 bytes, Stack size 8 bytes, dfixui.o(.text))
<BR><BR>[Stack]<UL><LI>Max Depth = 8<LI>Call Chain = __aeabi_d2uiz
</UL>
<BR>[Calls]<UL><LI><a href="#[fa]">&gt;&gt;</a>&nbsp;&nbsp;&nbsp;__aeabi_llsr
</UL>
<BR>[Called By]<UL><LI><a href="#[16f]">&gt;&gt;</a>&nbsp;&nbsp;&nbsp;FPS_Calculate
</UL>

<P><STRONG><a name="[13c]"></a>__aeabi_f2d</STRONG> (Thumb, 38 bytes, Stack size 0 bytes, f2d.o(.text))
<BR><BR>[Called By]<UL><LI><a href="#[139]">&gt;&gt;</a>&nbsp;&nbsp;&nbsp;Omnidirectional_Formula
<LI><a href="#[140]">&gt;&gt;</a>&nbsp;&nbsp;&nbsp;Follow
<LI><a href="#[2]">&gt;&gt;</a>&nbsp;&nbsp;&nbsp;ClassisFollow_PID
<LI><a href="#[160]">&gt;&gt;</a>&nbsp;&nbsp;&nbsp;CountLaunchBullet
<LI><a href="#[14d]">&gt;&gt;</a>&nbsp;&nbsp;&nbsp;IMU_LimUpdate
<LI><a href="#[156]">&gt;&gt;</a>&nbsp;&nbsp;&nbsp;Cloud_VisionFusion
<LI><a href="#[7]">&gt;&gt;</a>&nbsp;&nbsp;&nbsp;Chassis_processing
<LI><a href="#[78]">&gt;&gt;</a>&nbsp;&nbsp;&nbsp;HAL_imu_attitude_update
<LI><a href="#[77]">&gt;&gt;</a>&nbsp;&nbsp;&nbsp;HAL_imu_ahrs_update
</UL>

<P><STRONG><a name="[22a]"></a>__aeabi_cdcmpeq</STRONG> (Thumb, 0 bytes, Stack size 0 bytes, cdcmple.o(.text))
<BR><BR>[Called By]<UL><LI><a href="#[1cc]">&gt;&gt;</a>&nbsp;&nbsp;&nbsp;__hardfp_atan2
</UL>

<P><STRONG><a name="[13d]"></a>__aeabi_cdcmple</STRONG> (Thumb, 48 bytes, Stack size 0 bytes, cdcmple.o(.text))
<BR><BR>[Called By]<UL><LI><a href="#[156]">&gt;&gt;</a>&nbsp;&nbsp;&nbsp;Cloud_VisionFusion
<LI><a href="#[7]">&gt;&gt;</a>&nbsp;&nbsp;&nbsp;Chassis_processing
</UL>

<P><STRONG><a name="[13e]"></a>__aeabi_cdrcmple</STRONG> (Thumb, 48 bytes, Stack size 0 bytes, cdrcmple.o(.text))
<BR><BR>[Called By]<UL><LI><a href="#[2]">&gt;&gt;</a>&nbsp;&nbsp;&nbsp;ClassisFollow_PID
<LI><a href="#[160]">&gt;&gt;</a>&nbsp;&nbsp;&nbsp;CountLaunchBullet
<LI><a href="#[156]">&gt;&gt;</a>&nbsp;&nbsp;&nbsp;Cloud_VisionFusion
<LI><a href="#[7]">&gt;&gt;</a>&nbsp;&nbsp;&nbsp;Chassis_processing
<LI><a href="#[171]">&gt;&gt;</a>&nbsp;&nbsp;&nbsp;__hardfp_pow
<LI><a href="#[165]">&gt;&gt;</a>&nbsp;&nbsp;&nbsp;init_quaternion
<LI><a href="#[231]">&gt;&gt;</a>&nbsp;&nbsp;&nbsp;_fp_digits
</UL>

<P><STRONG><a name="[10b]"></a>__aeabi_d2f</STRONG> (Thumb, 56 bytes, Stack size 8 bytes, d2f.o(.text))
<BR><BR>[Stack]<UL><LI>Max Depth = 8<LI>Call Chain = __aeabi_d2f
</UL>
<BR>[Calls]<UL><LI><a href="#[10c]">&gt;&gt;</a>&nbsp;&nbsp;&nbsp;_float_round
</UL>
<BR>[Called By]<UL><LI><a href="#[139]">&gt;&gt;</a>&nbsp;&nbsp;&nbsp;Omnidirectional_Formula
<LI><a href="#[140]">&gt;&gt;</a>&nbsp;&nbsp;&nbsp;Follow
<LI><a href="#[14d]">&gt;&gt;</a>&nbsp;&nbsp;&nbsp;IMU_LimUpdate
<LI><a href="#[7]">&gt;&gt;</a>&nbsp;&nbsp;&nbsp;Chassis_processing
<LI><a href="#[205]">&gt;&gt;</a>&nbsp;&nbsp;&nbsp;RemoteControl_PC_Update
<LI><a href="#[78]">&gt;&gt;</a>&nbsp;&nbsp;&nbsp;HAL_imu_attitude_update
<LI><a href="#[77]">&gt;&gt;</a>&nbsp;&nbsp;&nbsp;HAL_imu_ahrs_update
</UL>

<P><STRONG><a name="[281]"></a>__aeabi_uidiv</STRONG> (Thumb, 0 bytes, Stack size 12 bytes, uidiv.o(.text), UNUSED)

<P><STRONG><a name="[234]"></a>__aeabi_uidivmod</STRONG> (Thumb, 44 bytes, Stack size 12 bytes, uidiv.o(.text), UNUSED)
<BR><BR>[Called By]<UL><LI><a href="#[21e]">&gt;&gt;</a>&nbsp;&nbsp;&nbsp;_printf_core
</UL>

<P><STRONG><a name="[fb]"></a>__aeabi_llsl</STRONG> (Thumb, 30 bytes, Stack size 0 bytes, llshl.o(.text))
<BR><BR>[Called By]<UL><LI><a href="#[ff]">&gt;&gt;</a>&nbsp;&nbsp;&nbsp;__aeabi_dadd
<LI><a href="#[f9]">&gt;&gt;</a>&nbsp;&nbsp;&nbsp;__aeabi_uldivmod
<LI><a href="#[101]">&gt;&gt;</a>&nbsp;&nbsp;&nbsp;_double_epilogue
<LI><a href="#[10e]">&gt;&gt;</a>&nbsp;&nbsp;&nbsp;__aeabi_d2ulz
</UL>

<P><STRONG><a name="[282]"></a>_ll_shift_l</STRONG> (Thumb, 0 bytes, Stack size 0 bytes, llshl.o(.text), UNUSED)

<P><STRONG><a name="[fa]"></a>__aeabi_llsr</STRONG> (Thumb, 32 bytes, Stack size 0 bytes, llushr.o(.text))
<BR><BR>[Called By]<UL><LI><a href="#[10a]">&gt;&gt;</a>&nbsp;&nbsp;&nbsp;__aeabi_d2uiz
<LI><a href="#[f9]">&gt;&gt;</a>&nbsp;&nbsp;&nbsp;__aeabi_uldivmod
<LI><a href="#[10d]">&gt;&gt;</a>&nbsp;&nbsp;&nbsp;_dsqrt
<LI><a href="#[109]">&gt;&gt;</a>&nbsp;&nbsp;&nbsp;__aeabi_d2iz
<LI><a href="#[101]">&gt;&gt;</a>&nbsp;&nbsp;&nbsp;_double_epilogue
<LI><a href="#[10e]">&gt;&gt;</a>&nbsp;&nbsp;&nbsp;__aeabi_d2ulz
</UL>

<P><STRONG><a name="[283]"></a>_ll_ushift_r</STRONG> (Thumb, 0 bytes, Stack size 0 bytes, llushr.o(.text), UNUSED)

<P><STRONG><a name="[100]"></a>__aeabi_lasr</STRONG> (Thumb, 36 bytes, Stack size 0 bytes, llsshr.o(.text))
<BR><BR>[Called By]<UL><LI><a href="#[ff]">&gt;&gt;</a>&nbsp;&nbsp;&nbsp;__aeabi_dadd
</UL>

<P><STRONG><a name="[284]"></a>_ll_sshift_r</STRONG> (Thumb, 0 bytes, Stack size 0 bytes, llsshr.o(.text), UNUSED)

<P><STRONG><a name="[285]"></a>__I$use$fp</STRONG> (Thumb, 0 bytes, Stack size 0 bytes, iusefp.o(.text), UNUSED)

<P><STRONG><a name="[10c]"></a>_float_round</STRONG> (Thumb, 18 bytes, Stack size 0 bytes, fepilogue.o(.text))
<BR><BR>[Called By]<UL><LI><a href="#[10b]">&gt;&gt;</a>&nbsp;&nbsp;&nbsp;__aeabi_d2f
</UL>

<P><STRONG><a name="[286]"></a>_float_epilogue</STRONG> (Thumb, 92 bytes, Stack size 4 bytes, fepilogue.o(.text), UNUSED)

<P><STRONG><a name="[102]"></a>_double_round</STRONG> (Thumb, 30 bytes, Stack size 8 bytes, depilogue.o(.text))
<BR><BR>[Stack]<UL><LI>Max Depth = 8<LI>Call Chain = _double_round
</UL>
<BR>[Called By]<UL><LI><a href="#[106]">&gt;&gt;</a>&nbsp;&nbsp;&nbsp;__aeabi_ddiv
<LI><a href="#[ff]">&gt;&gt;</a>&nbsp;&nbsp;&nbsp;__aeabi_dadd
<LI><a href="#[10d]">&gt;&gt;</a>&nbsp;&nbsp;&nbsp;_dsqrt
<LI><a href="#[101]">&gt;&gt;</a>&nbsp;&nbsp;&nbsp;_double_epilogue
</UL>

<P><STRONG><a name="[101]"></a>_double_epilogue</STRONG> (Thumb, 156 bytes, Stack size 32 bytes, depilogue.o(.text))
<BR><BR>[Stack]<UL><LI>Max Depth = 40<LI>Call Chain = _double_epilogue &rArr; _double_round
</UL>
<BR>[Calls]<UL><LI><a href="#[fa]">&gt;&gt;</a>&nbsp;&nbsp;&nbsp;__aeabi_llsr
<LI><a href="#[fb]">&gt;&gt;</a>&nbsp;&nbsp;&nbsp;__aeabi_llsl
<LI><a href="#[102]">&gt;&gt;</a>&nbsp;&nbsp;&nbsp;_double_round
</UL>
<BR>[Called By]<UL><LI><a href="#[107]">&gt;&gt;</a>&nbsp;&nbsp;&nbsp;__aeabi_i2d
<LI><a href="#[105]">&gt;&gt;</a>&nbsp;&nbsp;&nbsp;__aeabi_dmul
<LI><a href="#[ff]">&gt;&gt;</a>&nbsp;&nbsp;&nbsp;__aeabi_dadd
<LI><a href="#[108]">&gt;&gt;</a>&nbsp;&nbsp;&nbsp;__aeabi_ui2d
</UL>

<P><STRONG><a name="[230]"></a>__ARM_scalbn</STRONG> (Thumb, 46 bytes, Stack size 16 bytes, dscalb.o(.text))
<BR><BR>[Stack]<UL><LI>Max Depth = 16<LI>Call Chain = __ARM_scalbn
</UL>
<BR>[Called By]<UL><LI><a href="#[171]">&gt;&gt;</a>&nbsp;&nbsp;&nbsp;__hardfp_pow
</UL>

<P><STRONG><a name="[287]"></a>scalbn</STRONG> (Thumb, 0 bytes, Stack size 16 bytes, dscalb.o(.text), UNUSED)

<P><STRONG><a name="[10d]"></a>_dsqrt</STRONG> (Thumb, 162 bytes, Stack size 32 bytes, dsqrt.o(.text))
<BR><BR>[Stack]<UL><LI>Max Depth = 40<LI>Call Chain = _dsqrt &rArr; _double_round
</UL>
<BR>[Calls]<UL><LI><a href="#[fa]">&gt;&gt;</a>&nbsp;&nbsp;&nbsp;__aeabi_llsr
<LI><a href="#[102]">&gt;&gt;</a>&nbsp;&nbsp;&nbsp;_double_round
</UL>
<BR>[Called By]<UL><LI><a href="#[226]">&gt;&gt;</a>&nbsp;&nbsp;&nbsp;sqrt
<LI><a href="#[1cb]">&gt;&gt;</a>&nbsp;&nbsp;&nbsp;__hardfp_sqrt
</UL>

<P><STRONG><a name="[10e]"></a>__aeabi_d2ulz</STRONG> (Thumb, 48 bytes, Stack size 0 bytes, dfixul.o(.text), UNUSED)
<BR><BR>[Calls]<UL><LI><a href="#[fa]">&gt;&gt;</a>&nbsp;&nbsp;&nbsp;__aeabi_llsr
<LI><a href="#[fb]">&gt;&gt;</a>&nbsp;&nbsp;&nbsp;__aeabi_llsl
</UL>
<BR>[Called By]<UL><LI><a href="#[231]">&gt;&gt;</a>&nbsp;&nbsp;&nbsp;_fp_digits
</UL>

<P><STRONG><a name="[f7]"></a>__scatterload</STRONG> (Thumb, 28 bytes, Stack size 0 bytes, init.o(.text))
<BR><BR>[Calls]<UL><LI><a href="#[10f]">&gt;&gt;</a>&nbsp;&nbsp;&nbsp;__main_after_scatterload
</UL>
<BR>[Called By]<UL><LI><a href="#[f6]">&gt;&gt;</a>&nbsp;&nbsp;&nbsp;_main_scatterload
</UL>

<P><STRONG><a name="[288]"></a>__scatterload_rt2</STRONG> (Thumb, 0 bytes, Stack size 0 bytes, init.o(.text), UNUSED)

<P><STRONG><a name="[289]"></a>__decompress</STRONG> (Thumb, 0 bytes, Stack size unknown bytes, __dczerorl2.o(.text), UNUSED)

<P><STRONG><a name="[28a]"></a>__decompress1</STRONG> (Thumb, 86 bytes, Stack size unknown bytes, __dczerorl2.o(.text), UNUSED)

<P><STRONG><a name="[ec]"></a>ALL_Send</STRONG> (Thumb, 20 bytes, Stack size 0 bytes, freertos.o(i.ALL_Send))
<BR><BR>[Stack]<UL><LI>Max Depth = 72<LI>Call Chain = ALL_Send &rArr; osDelay &rArr; vTaskDelay &rArr; xTaskResumeAll &rArr; xTaskIncrementTick
</UL>
<BR>[Calls]<UL><LI><a href="#[111]">&gt;&gt;</a>&nbsp;&nbsp;&nbsp;osDelay
<LI><a href="#[110]">&gt;&gt;</a>&nbsp;&nbsp;&nbsp;UserDefined_UI
</UL>
<BR>[Address Reference Count : 1]<UL><LI> freertos.o(.constdata)
</UL>
<P><STRONG><a name="[5b]"></a>ANO_Send_Data_V4</STRONG> (Thumb, 594 bytes, Stack size 80 bytes, ano.o(i.ANO_Send_Data_V4))
<BR><BR>[Stack]<UL><LI>Max Depth = 80<LI>Call Chain = ANO_Send_Data_V4
</UL>
<BR>[Calls]<UL><LI><a href="#[112]">&gt;&gt;</a>&nbsp;&nbsp;&nbsp;__aeabi_memclr4
</UL>
<BR>[Address Reference Count : 1]<UL><LI> ano.o(.data)
</UL>
<P><STRONG><a name="[5a]"></a>ANO_Send_FloatData</STRONG> (Thumb, 336 bytes, Stack size 64 bytes, ano.o(i.ANO_Send_FloatData))
<BR><BR>[Stack]<UL><LI>Max Depth = 64<LI>Call Chain = ANO_Send_FloatData
</UL>
<BR>[Calls]<UL><LI><a href="#[112]">&gt;&gt;</a>&nbsp;&nbsp;&nbsp;__aeabi_memclr4
</UL>
<BR>[Address Reference Count : 1]<UL><LI> ano.o(.data)
</UL>
<P><STRONG><a name="[5c]"></a>ANO_Send_FloatData_2</STRONG> (Thumb, 236 bytes, Stack size 56 bytes, ano.o(i.ANO_Send_FloatData_2))
<BR><BR>[Stack]<UL><LI>Max Depth = 56<LI>Call Chain = ANO_Send_FloatData_2
</UL>
<BR>[Calls]<UL><LI><a href="#[112]">&gt;&gt;</a>&nbsp;&nbsp;&nbsp;__aeabi_memclr4
</UL>
<BR>[Address Reference Count : 1]<UL><LI> ano.o(.data)
</UL>
<P><STRONG><a name="[f4]"></a>AllCanSend</STRONG> (Thumb, 32 bytes, Stack size 40 bytes, task_cansend.o(i.AllCanSend))
<BR><BR>[Stack]<UL><LI>Max Depth = 136<LI>Call Chain = AllCanSend &rArr; xQueueReceive &rArr; vTaskPlaceOnEventList &rArr; prvAddCurrentTaskToDelayedList &rArr; vListInsert
</UL>
<BR>[Calls]<UL><LI><a href="#[115]">&gt;&gt;</a>&nbsp;&nbsp;&nbsp;xQueueReceive
<LI><a href="#[116]">&gt;&gt;</a>&nbsp;&nbsp;&nbsp;HAL_CAN_AddTxMessage
</UL>
<BR>[Address Reference Count : 1]<UL><LI> freertos.o(.constdata)
</UL>
<P><STRONG><a name="[f1]"></a>All_Init</STRONG> (Thumb, 312 bytes, Stack size 40 bytes, freertos.o(i.All_Init))
<BR><BR>[Stack]<UL><LI>Max Depth = 208<LI>Call Chain = All_Init &rArr; osThreadCreate &rArr; xTaskCreate &rArr; pvPortMalloc &rArr; xTaskResumeAll &rArr; xTaskIncrementTick
</UL>
<BR>[Calls]<UL><LI><a href="#[11d]">&gt;&gt;</a>&nbsp;&nbsp;&nbsp;vTaskDelete
<LI><a href="#[11e]">&gt;&gt;</a>&nbsp;&nbsp;&nbsp;vPortExitCritical
<LI><a href="#[11a]">&gt;&gt;</a>&nbsp;&nbsp;&nbsp;vPortEnterCritical
<LI><a href="#[11c]">&gt;&gt;</a>&nbsp;&nbsp;&nbsp;osThreadCreate
<LI><a href="#[117]">&gt;&gt;</a>&nbsp;&nbsp;&nbsp;PVD_Config
<LI><a href="#[118]">&gt;&gt;</a>&nbsp;&nbsp;&nbsp;HAL_TIM_PWM_Start
<LI><a href="#[119]">&gt;&gt;</a>&nbsp;&nbsp;&nbsp;HAL_Delay
<LI><a href="#[11b]">&gt;&gt;</a>&nbsp;&nbsp;&nbsp;__aeabi_memcpy4
</UL>
<BR>[Address Reference Count : 1]<UL><LI> freertos.o(.constdata)
</UL>
<P><STRONG><a name="[11f]"></a>Append_CRC16_Check_Sum</STRONG> (Thumb, 44 bytes, Stack size 16 bytes, rm_judgesystem.o(i.Append_CRC16_Check_Sum))
<BR><BR>[Stack]<UL><LI>Max Depth = 28<LI>Call Chain = Append_CRC16_Check_Sum &rArr; Get_CRC16_Check_Sum
</UL>
<BR>[Calls]<UL><LI><a href="#[120]">&gt;&gt;</a>&nbsp;&nbsp;&nbsp;Get_CRC16_Check_Sum
</UL>
<BR>[Called By]<UL><LI><a href="#[20c]">&gt;&gt;</a>&nbsp;&nbsp;&nbsp;UI_DeleteAll
<LI><a href="#[4d]">&gt;&gt;</a>&nbsp;&nbsp;&nbsp;ShootLv_Updata
<LI><a href="#[4f]">&gt;&gt;</a>&nbsp;&nbsp;&nbsp;LEDYellow_MeanUpdate
<LI><a href="#[51]">&gt;&gt;</a>&nbsp;&nbsp;&nbsp;LEDPurple_MeanUpdate
<LI><a href="#[52]">&gt;&gt;</a>&nbsp;&nbsp;&nbsp;LEDPink_MeanUpdate
<LI><a href="#[50]">&gt;&gt;</a>&nbsp;&nbsp;&nbsp;LEDOrange_MeanUpdate
<LI><a href="#[53]">&gt;&gt;</a>&nbsp;&nbsp;&nbsp;LEDGreen_MeanUpdate
<LI><a href="#[45]">&gt;&gt;</a>&nbsp;&nbsp;&nbsp;Car_DistanceFrame
<LI><a href="#[4e]">&gt;&gt;</a>&nbsp;&nbsp;&nbsp;Cap_EnergyUpdata
<LI><a href="#[216]">&gt;&gt;</a>&nbsp;&nbsp;&nbsp;Standard_CrossHair
<LI><a href="#[210]">&gt;&gt;</a>&nbsp;&nbsp;&nbsp;Show_ShootLevel
<LI><a href="#[20f]">&gt;&gt;</a>&nbsp;&nbsp;&nbsp;ShootLv_Init
<LI><a href="#[1e0]">&gt;&gt;</a>&nbsp;&nbsp;&nbsp;LEDYellow_Mean
<LI><a href="#[1df]">&gt;&gt;</a>&nbsp;&nbsp;&nbsp;LEDPurple_Mean
<LI><a href="#[1de]">&gt;&gt;</a>&nbsp;&nbsp;&nbsp;LEDPink_Mean
<LI><a href="#[1dd]">&gt;&gt;</a>&nbsp;&nbsp;&nbsp;LEDOrange_Mean
<LI><a href="#[17b]">&gt;&gt;</a>&nbsp;&nbsp;&nbsp;LEDGreen_Mean
<LI><a href="#[16b]">&gt;&gt;</a>&nbsp;&nbsp;&nbsp;Ex_CrossHair
<LI><a href="#[12d]">&gt;&gt;</a>&nbsp;&nbsp;&nbsp;Capacitance_Value
<LI><a href="#[12e]">&gt;&gt;</a>&nbsp;&nbsp;&nbsp;Cap_Energy
</UL>

<P><STRONG><a name="[121]"></a>Append_CRC8_Check_Sum</STRONG> (Thumb, 36 bytes, Stack size 16 bytes, rm_judgesystem.o(i.Append_CRC8_Check_Sum))
<BR><BR>[Stack]<UL><LI>Max Depth = 28<LI>Call Chain = Append_CRC8_Check_Sum &rArr; Get_CRC8_Check_Sum
</UL>
<BR>[Calls]<UL><LI><a href="#[122]">&gt;&gt;</a>&nbsp;&nbsp;&nbsp;Get_CRC8_Check_Sum
</UL>
<BR>[Called By]<UL><LI><a href="#[20c]">&gt;&gt;</a>&nbsp;&nbsp;&nbsp;UI_DeleteAll
<LI><a href="#[4d]">&gt;&gt;</a>&nbsp;&nbsp;&nbsp;ShootLv_Updata
<LI><a href="#[4f]">&gt;&gt;</a>&nbsp;&nbsp;&nbsp;LEDYellow_MeanUpdate
<LI><a href="#[51]">&gt;&gt;</a>&nbsp;&nbsp;&nbsp;LEDPurple_MeanUpdate
<LI><a href="#[52]">&gt;&gt;</a>&nbsp;&nbsp;&nbsp;LEDPink_MeanUpdate
<LI><a href="#[50]">&gt;&gt;</a>&nbsp;&nbsp;&nbsp;LEDOrange_MeanUpdate
<LI><a href="#[53]">&gt;&gt;</a>&nbsp;&nbsp;&nbsp;LEDGreen_MeanUpdate
<LI><a href="#[45]">&gt;&gt;</a>&nbsp;&nbsp;&nbsp;Car_DistanceFrame
<LI><a href="#[4e]">&gt;&gt;</a>&nbsp;&nbsp;&nbsp;Cap_EnergyUpdata
[...]
</UL>
<BR>[Calls]<UL><LI><a href="#[107]">&gt;&gt;</a>&nbsp;&nbsp;&nbsp;__aeabi_i2d
<LI><a href="#[13c]">&gt;&gt;</a>&nbsp;&nbsp;&nbsp;__aeabi_f2d
<LI><a href="#[103]">&gt;&gt;</a>&nbsp;&nbsp;&nbsp;__aeabi_dsub
<LI><a href="#[105]">&gt;&gt;</a>&nbsp;&nbsp;&nbsp;__aeabi_dmul
<LI><a href="#[13e]">&gt;&gt;</a>&nbsp;&nbsp;&nbsp;__aeabi_cdrcmple
</UL>
<BR>[Called By]<UL><LI><a href="#[202]">&gt;&gt;</a>&nbsp;&nbsp;&nbsp;PillReload_processing
</UL>

<P><STRONG><a name="[177]"></a>Detection_FricSpeed</STRONG> (Thumb, 82 bytes, Stack size 0 bytes, shoot.o(i.Detection_FricSpeed))
<BR><BR>[Called By]<UL><LI><a href="#[176]">&gt;&gt;</a>&nbsp;&nbsp;&nbsp;Fric_processing
</UL>

<P><STRONG><a name="[176]"></a>Fric_processing</STRONG> (Thumb, 210 bytes, Stack size 8 bytes, shoot.o(i.Fric_processing))
<BR><BR>[Stack]<UL><LI>Max Depth = 8<LI>Call Chain = Fric_processing
</UL>
<BR>[Calls]<UL><LI><a href="#[178]">&gt;&gt;</a>&nbsp;&nbsp;&nbsp;GetFricSpeed
<LI><a href="#[177]">&gt;&gt;</a>&nbsp;&nbsp;&nbsp;Detection_FricSpeed
</UL>
<BR>[Called By]<UL><LI><a href="#[3c]">&gt;&gt;</a>&nbsp;&nbsp;&nbsp;Shoot_processing
</UL>

<P><STRONG><a name="[178]"></a>GetFricSpeed</STRONG> (Thumb, 96 bytes, Stack size 0 bytes, shoot.o(i.GetFricSpeed))
<BR><BR>[Called By]<UL><LI><a href="#[176]">&gt;&gt;</a>&nbsp;&nbsp;&nbsp;Fric_processing
</UL>

<P><STRONG><a name="[1fd]"></a>Manual_Attack_process</STRONG> (Thumb, 194 bytes, Stack size 24 bytes, shoot.o(i.Manual_Attack_process))
<BR><BR>[Stack]<UL><LI>Max Depth = 152<LI>Call Chain = Manual_Attack_process &rArr; Shoot_HeatLimitation &rArr; Shoot_getMaxShootAmount &rArr; __aeabi_dmul &rArr; _double_epilogue &rArr; _double_round
</UL>
<BR>[Calls]<UL><LI><a href="#[124]">&gt;&gt;</a>&nbsp;&nbsp;&nbsp;xTaskGetTickCount
<LI><a href="#[125]">&gt;&gt;</a>&nbsp;&nbsp;&nbsp;Shoot_HeatLimitation
<LI><a href="#[3e]">&gt;&gt;</a>&nbsp;&nbsp;&nbsp;Shoot_setNeedLaunchCount
</UL>
<BR>[Called By]<UL><LI><a href="#[3c]">&gt;&gt;</a>&nbsp;&nbsp;&nbsp;Shoot_processing
</UL>

<P><STRONG><a name="[202]"></a>PillReload_processing</STRONG> (Thumb, 14 bytes, Stack size 8 bytes, shoot.o(i.PillReload_processing))
<BR><BR>[Stack]<UL><LI>Max Depth = 136<LI>Call Chain = PillReload_processing &rArr; CountLaunchBullet &rArr; __aeabi_dsub &rArr; __aeabi_dadd &rArr; _double_epilogue &rArr; _double_round
</UL>
<BR>[Calls]<UL><LI><a href="#[203]">&gt;&gt;</a>&nbsp;&nbsp;&nbsp;Shoot_ReloaderCal
<LI><a href="#[160]">&gt;&gt;</a>&nbsp;&nbsp;&nbsp;CountLaunchBullet
</UL>
<BR>[Called By]<UL><LI><a href="#[3c]">&gt;&gt;</a>&nbsp;&nbsp;&nbsp;Shoot_processing
</UL>

<P><STRONG><a name="[213]"></a>ResetPill</STRONG> (Thumb, 28 bytes, Stack size 0 bytes, shoot.o(i.ResetPill))
<BR><BR>[Called By]<UL><LI><a href="#[203]">&gt;&gt;</a>&nbsp;&nbsp;&nbsp;Shoot_ReloaderCal
<LI><a href="#[3e]">&gt;&gt;</a>&nbsp;&nbsp;&nbsp;Shoot_setNeedLaunchCount
</UL>

<P><STRONG><a name="[125]"></a>Shoot_HeatLimitation</STRONG> (Thumb, 60 bytes, Stack size 8 bytes, shoot.o(i.Shoot_HeatLimitation))
<BR><BR>[Stack]<UL><LI>Max Depth = 128<LI>Call Chain = Shoot_HeatLimitation &rArr; Shoot_getMaxShootAmount &rArr; __aeabi_dmul &rArr; _double_epilogue &rArr; _double_round
</UL>
<BR>[Calls]<UL><LI><a href="#[211]">&gt;&gt;</a>&nbsp;&nbsp;&nbsp;Shoot_getMaxShootAmount
</UL>
<BR>[Called By]<UL><LI><a href="#[215]">&gt;&gt;</a>&nbsp;&nbsp;&nbsp;SingleAttack_process
<LI><a href="#[1fd]">&gt;&gt;</a>&nbsp;&nbsp;&nbsp;Manual_Attack_process
<LI><a href="#[15f]">&gt;&gt;</a>&nbsp;&nbsp;&nbsp;ConAttack_process
<LI><a href="#[123]">&gt;&gt;</a>&nbsp;&nbsp;&nbsp;AutoAttack_process
</UL>

<P><STRONG><a name="[214]"></a>Shoot_MotorInObstruct</STRONG> (Thumb, 42 bytes, Stack size 0 bytes, shoot.o(i.Shoot_MotorInObstruct))
<BR><BR>[Called By]<UL><LI><a href="#[203]">&gt;&gt;</a>&nbsp;&nbsp;&nbsp;Shoot_ReloaderCal
</UL>

<P><STRONG><a name="[203]"></a>Shoot_ReloaderCal</STRONG> (Thumb, 596 bytes, Stack size 24 bytes, shoot.o(i.Shoot_ReloaderCal))
<BR><BR>[Stack]<UL><LI>Max Depth = 40<LI>Call Chain = Shoot_ReloaderCal &rArr; Position_PID
</UL>
<BR>[Calls]<UL><LI><a href="#[1]">&gt;&gt;</a>&nbsp;&nbsp;&nbsp;Position_PID
<LI><a href="#[214]">&gt;&gt;</a>&nbsp;&nbsp;&nbsp;Shoot_MotorInObstruct
<LI><a href="#[213]">&gt;&gt;</a>&nbsp;&nbsp;&nbsp;ResetPill
</UL>
<BR>[Called By]<UL><LI><a href="#[202]">&gt;&gt;</a>&nbsp;&nbsp;&nbsp;PillReload_processing
</UL>

<P><STRONG><a name="[211]"></a>Shoot_getMaxShootAmount</STRONG> (Thumb, 134 bytes, Stack size 32 bytes, shoot.o(i.Shoot_getMaxShootAmount))
<BR><BR>[Stack]<UL><LI>Max Depth = 120<LI>Call Chain = Shoot_getMaxShootAmount &rArr; __aeabi_dmul &rArr; _double_epilogue &rArr; _double_round
</UL>
<BR>[Calls]<UL><LI><a href="#[107]">&gt;&gt;</a>&nbsp;&nbsp;&nbsp;__aeabi_i2d
<LI><a href="#[105]">&gt;&gt;</a>&nbsp;&nbsp;&nbsp;__aeabi_dmul
<LI><a href="#[109]">&gt;&gt;</a>&nbsp;&nbsp;&nbsp;__aeabi_d2iz
</UL>
<BR>[Called By]<UL><LI><a href="#[125]">&gt;&gt;</a>&nbsp;&nbsp;&nbsp;Shoot_HeatLimitation
</UL>

<P><STRONG><a name="[212]"></a>Shoot_setFricOutput</STRONG> (Thumb, 106 bytes, Stack size 16 bytes, shoot.o(i.Shoot_setFricOutput))
<BR><BR>[Stack]<UL><LI>Max Depth = 16<LI>Call Chain = Shoot_setFricOutput
</UL>
<BR>[Calls]<UL><LI><a href="#[207]">&gt;&gt;</a>&nbsp;&nbsp;&nbsp;SpeedRampCalc
</UL>
<BR>[Called By]<UL><LI><a href="#[3b]">&gt;&gt;</a>&nbsp;&nbsp;&nbsp;Shoot_Init
</UL>

<P><STRONG><a name="[215]"></a>SingleAttack_process</STRONG> (Thumb, 76 bytes, Stack size 8 bytes, shoot.o(i.SingleAttack_process))
<BR><BR>[Stack]<UL><LI>Max Depth = 136<LI>Call Chain = SingleAttack_process &rArr; Shoot_HeatLimitation &rArr; Shoot_getMaxShootAmount &rArr; __aeabi_dmul &rArr; _double_epilogue &rArr; _double_round
</UL>
<BR>[Calls]<UL><LI><a href="#[125]">&gt;&gt;</a>&nbsp;&nbsp;&nbsp;Shoot_HeatLimitation
<LI><a href="#[3e]">&gt;&gt;</a>&nbsp;&nbsp;&nbsp;Shoot_setNeedLaunchCount
</UL>
<BR>[Called By]<UL><LI><a href="#[3c]">&gt;&gt;</a>&nbsp;&nbsp;&nbsp;Shoot_processing
</UL>

<P><STRONG><a name="[208]"></a>RemoteMode_Update</STRONG> (Thumb, 666 bytes, Stack size 8 bytes, status_update.o(i.RemoteMode_Update))
<BR><BR>[Stack]<UL><LI>Max Depth = 16<LI>Call Chain = RemoteMode_Update &rArr; LASER_Set
</UL>
<BR>[Calls]<UL><LI><a href="#[1db]">&gt;&gt;</a>&nbsp;&nbsp;&nbsp;LASER_Set
</UL>
<BR>[Called By]<UL><LI><a href="#[41]">&gt;&gt;</a>&nbsp;&nbsp;&nbsp;RemoteControl_Update
</UL>

<P><STRONG><a name="[1d2]"></a>HAL_Update_IMU_Data</STRONG> (Thumb, 34 bytes, Stack size 8 bytes, imu_compensate.o(i.HAL_Update_IMU_Data))
<BR><BR>[Stack]<UL><LI>Max Depth = 8<LI>Call Chain = HAL_Update_IMU_Data
</UL>
<BR>[Called By]<UL><LI><a href="#[43]">&gt;&gt;</a>&nbsp;&nbsp;&nbsp;IMU_GetData_Compensate
</UL>

<P><STRONG><a name="[1d1]"></a>IMU_temp_Control</STRONG> (Thumb, 164 bytes, Stack size 16 bytes, imu_compensate.o(i.IMU_temp_Control))
<BR><BR>[Stack]<UL><LI>Max Depth = 16<LI>Call Chain = IMU_temp_Control
</UL>
<BR>[Calls]<UL><LI><a href="#[1d7]">&gt;&gt;</a>&nbsp;&nbsp;&nbsp;get_control_temperate
</UL>
<BR>[Called By]<UL><LI><a href="#[43]">&gt;&gt;</a>&nbsp;&nbsp;&nbsp;IMU_GetData_Compensate
</UL>

<P><STRONG><a name="[1d7]"></a>get_control_temperate</STRONG> (Thumb, 8 bytes, Stack size 0 bytes, imu_compensate.o(i.get_control_temperate))
<BR><BR>[Called By]<UL><LI><a href="#[1d1]">&gt;&gt;</a>&nbsp;&nbsp;&nbsp;IMU_temp_Control
</UL>

<P><STRONG><a name="[126]"></a>CAN_FILTER_Init</STRONG> (Thumb, 42 bytes, Stack size 16 bytes, bsp_can.o(i.CAN_FILTER_Init))
<BR><BR>[Stack]<UL><LI>Max Depth = 36<LI>Call Chain = CAN_FILTER_Init &rArr; HAL_CAN_ConfigFilter
</UL>
<BR>[Calls]<UL><LI><a href="#[127]">&gt;&gt;</a>&nbsp;&nbsp;&nbsp;HAL_CAN_ConfigFilter
</UL>
<BR>[Called By]<UL><LI><a href="#[54]">&gt;&gt;</a>&nbsp;&nbsp;&nbsp;CAN_IT_Init
</UL>

<P><STRONG><a name="[1e6]"></a>GetSector</STRONG> (Thumb, 182 bytes, Stack size 0 bytes, flash_store.o(i.GetSector))
<BR><BR>[Called By]<UL><LI><a href="#[1e8]">&gt;&gt;</a>&nbsp;&nbsp;&nbsp;MEM_If_Write_FS
<LI><a href="#[1e3]">&gt;&gt;</a>&nbsp;&nbsp;&nbsp;MEM_If_Erase_FS
</UL>

<P><STRONG><a name="[166]"></a>DR16_Process</STRONG> (Thumb, 414 bytes, Stack size 8 bytes, dr16_remote.o(i.DR16_Process))
<BR><BR>[Stack]<UL><LI>Max Depth = 8<LI>Call Chain = DR16_Process
</UL>
<BR>[Calls]<UL><LI><a href="#[60]">&gt;&gt;</a>&nbsp;&nbsp;&nbsp;RemoteControl_Output
<LI><a href="#[167]">&gt;&gt;</a>&nbsp;&nbsp;&nbsp;KeyMouseFlag_Update
</UL>
<BR>[Called By]<UL><LI><a href="#[5d]">&gt;&gt;</a>&nbsp;&nbsp;&nbsp;DR16_Handler
</UL>

<P><STRONG><a name="[168]"></a>USART_Receive_DMA_NO_IT</STRONG> (Thumb, 68 bytes, Stack size 16 bytes, dr16_remote.o(i.USART_Receive_DMA_NO_IT))
<BR><BR>[Stack]<UL><LI>Max Depth = 52<LI>Call Chain = USART_Receive_DMA_NO_IT &rArr; HAL_DMA_Start &rArr; DMA_SetConfig
</UL>
<BR>[Calls]<UL><LI><a href="#[187]">&gt;&gt;</a>&nbsp;&nbsp;&nbsp;HAL_DMA_Start
</UL>
<BR>[Called By]<UL><LI><a href="#[5e]">&gt;&gt;</a>&nbsp;&nbsp;&nbsp;DR16_USART_Receive_DMA
</UL>

<P><STRONG><a name="[1d9]"></a>USART_Receive_DMA_NO_IT</STRONG> (Thumb, 68 bytes, Stack size 16 bytes, rm_judgesystem.o(i.USART_Receive_DMA_NO_IT))
<BR><BR>[Stack]<UL><LI>Max Depth = 52<LI>Call Chain = USART_Receive_DMA_NO_IT &rArr; HAL_DMA_Start &rArr; DMA_SetConfig
</UL>
<BR>[Calls]<UL><LI><a href="#[187]">&gt;&gt;</a>&nbsp;&nbsp;&nbsp;HAL_DMA_Start
</UL>
<BR>[Called By]<UL><LI><a href="#[6d]">&gt;&gt;</a>&nbsp;&nbsp;&nbsp;JudgeSystem_USART_Receive_DMA
</UL>

<P><STRONG><a name="[1d6]"></a>IMUChassis_processing</STRONG> (Thumb, 98 bytes, Stack size 0 bytes, wolf_gyimu.o(i.IMUChassis_processing))
<BR><BR>[Called By]<UL><LI><a href="#[72]">&gt;&gt;</a>&nbsp;&nbsp;&nbsp;IMU_processing
</UL>

<P><STRONG><a name="[1d5]"></a>IMUCloud_processing</STRONG> (Thumb, 98 bytes, Stack size 0 bytes, wolf_gyimu.o(i.IMUCloud_processing))
<BR><BR>[Called By]<UL><LI><a href="#[72]">&gt;&gt;</a>&nbsp;&nbsp;&nbsp;IMU_processing
</UL>

<P><STRONG><a name="[1ce]"></a>MPU6500_DataCopy</STRONG> (Thumb, 272 bytes, Stack size 16 bytes, dji_imu.o(i.MPU6500_DataCopy))
<BR><BR>[Stack]<UL><LI>Max Depth = 16<LI>Call Chain = MPU6500_DataCopy
</UL>
<BR>[Calls]<UL><LI><a href="#[143]">&gt;&gt;</a>&nbsp;&nbsp;&nbsp;Filter_IIRLPF
</UL>
<BR>[Called By]<UL><LI><a href="#[78]">&gt;&gt;</a>&nbsp;&nbsp;&nbsp;HAL_imu_attitude_update
</UL>

<P><STRONG><a name="[1d0]"></a>ist8310_get_data</STRONG> (Thumb, 16 bytes, Stack size 8 bytes, dji_imu.o(i.ist8310_get_data))
<BR><BR>[Stack]<UL><LI>Max Depth = 136<LI>Call Chain = ist8310_get_data &rArr; mpu_read_bytes &rArr; HAL_SPI_TransmitReceive &rArr; SPI_EndRxTxTransaction &rArr; SPI_WaitFlagStateUntilTimeout
</UL>
<BR>[Calls]<UL><LI><a href="#[1cf]">&gt;&gt;</a>&nbsp;&nbsp;&nbsp;mpu_read_bytes
</UL>
<BR>[Called By]<UL><LI><a href="#[76]">&gt;&gt;</a>&nbsp;&nbsp;&nbsp;HAL_mpu_get_data
</UL>

<P><STRONG><a name="[237]"></a>ist8310_init</STRONG> (Thumb, 256 bytes, Stack size 8 bytes, dji_imu.o(i.ist8310_init))
<BR><BR>[Stack]<UL><LI>Max Depth = 144<LI>Call Chain = ist8310_init &rArr; mpu_master_i2c_auto_read_config &rArr; mpu_write_byte &rArr; HAL_SPI_TransmitReceive &rArr; SPI_EndRxTxTransaction &rArr; SPI_WaitFlagStateUntilTimeout
</UL>
<BR>[Calls]<UL><LI><a href="#[119]">&gt;&gt;</a>&nbsp;&nbsp;&nbsp;HAL_Delay
<LI><a href="#[238]">&gt;&gt;</a>&nbsp;&nbsp;&nbsp;mpu_write_byte
<LI><a href="#[23b]">&gt;&gt;</a>&nbsp;&nbsp;&nbsp;mpu_master_i2c_auto_read_config
<LI><a href="#[239]">&gt;&gt;</a>&nbsp;&nbsp;&nbsp;ist_reg_write_by_mpu
<LI><a href="#[23a]">&gt;&gt;</a>&nbsp;&nbsp;&nbsp;ist_reg_read_by_mpu
</UL>
<BR>[Called By]<UL><LI><a href="#[164]">&gt;&gt;</a>&nbsp;&nbsp;&nbsp;mpu_device_init
</UL>

<P><STRONG><a name="[23a]"></a>ist_reg_read_by_mpu</STRONG> (Thumb, 58 bytes, Stack size 16 bytes, dji_imu.o(i.ist_reg_read_by_mpu))
<BR><BR>[Stack]<UL><LI>Max Depth = 136<LI>Call Chain = ist_reg_read_by_mpu &rArr; mpu_write_byte &rArr; HAL_SPI_TransmitReceive &rArr; SPI_EndRxTxTransaction &rArr; SPI_WaitFlagStateUntilTimeout
</UL>
<BR>[Calls]<UL><LI><a href="#[119]">&gt;&gt;</a>&nbsp;&nbsp;&nbsp;HAL_Delay
<LI><a href="#[238]">&gt;&gt;</a>&nbsp;&nbsp;&nbsp;mpu_write_byte
<LI><a href="#[23c]">&gt;&gt;</a>&nbsp;&nbsp;&nbsp;mpu_read_byte
</UL>
<BR>[Called By]<UL><LI><a href="#[237]">&gt;&gt;</a>&nbsp;&nbsp;&nbsp;ist8310_init
</UL>

<P><STRONG><a name="[239]"></a>ist_reg_write_by_mpu</STRONG> (Thumb, 64 bytes, Stack size 16 bytes, dji_imu.o(i.ist_reg_write_by_mpu))
<BR><BR>[Stack]<UL><LI>Max Depth = 136<LI>Call Chain = ist_reg_write_by_mpu &rArr; mpu_write_byte &rArr; HAL_SPI_TransmitReceive &rArr; SPI_EndRxTxTransaction &rArr; SPI_WaitFlagStateUntilTimeout
</UL>
<BR>[Calls]<UL><LI><a href="#[119]">&gt;&gt;</a>&nbsp;&nbsp;&nbsp;HAL_Delay
<LI><a href="#[238]">&gt;&gt;</a>&nbsp;&nbsp;&nbsp;mpu_write_byte
</UL>
<BR>[Called By]<UL><LI><a href="#[237]">&gt;&gt;</a>&nbsp;&nbsp;&nbsp;ist8310_init
</UL>

<P><STRONG><a name="[164]"></a>mpu_device_init</STRONG> (Thumb, 102 bytes, Stack size 32 bytes, dji_imu.o(i.mpu_device_init))
<BR><BR>[Stack]<UL><LI>Max Depth = 176<LI>Call Chain = mpu_device_init &rArr; ist8310_init &rArr; mpu_master_i2c_auto_read_config &rArr; mpu_write_byte &rArr; HAL_SPI_TransmitReceive &rArr; SPI_EndRxTxTransaction &rArr; SPI_WaitFlagStateUntilTimeout
</UL>
<BR>[Calls]<UL><LI><a href="#[119]">&gt;&gt;</a>&nbsp;&nbsp;&nbsp;HAL_Delay
<LI><a href="#[11b]">&gt;&gt;</a>&nbsp;&nbsp;&nbsp;__aeabi_memcpy4
<LI><a href="#[238]">&gt;&gt;</a>&nbsp;&nbsp;&nbsp;mpu_write_byte
<LI><a href="#[244]">&gt;&gt;</a>&nbsp;&nbsp;&nbsp;mpu_set_gyro_fsr
<LI><a href="#[245]">&gt;&gt;</a>&nbsp;&nbsp;&nbsp;mpu_set_accel_fsr
<LI><a href="#[23c]">&gt;&gt;</a>&nbsp;&nbsp;&nbsp;mpu_read_byte
<LI><a href="#[246]">&gt;&gt;</a>&nbsp;&nbsp;&nbsp;mpu_offset_fetch
<LI><a href="#[237]">&gt;&gt;</a>&nbsp;&nbsp;&nbsp;ist8310_init
</UL>
<BR>[Called By]<UL><LI><a href="#[75]">&gt;&gt;</a>&nbsp;&nbsp;&nbsp;DJI_IMU_Init
</UL>

<P><STRONG><a name="[23b]"></a>mpu_master_i2c_auto_read_config</STRONG> (Thumb, 140 bytes, Stack size 16 bytes, dji_imu.o(i.mpu_master_i2c_auto_read_config))
<BR><BR>[Stack]<UL><LI>Max Depth = 136<LI>Call Chain = mpu_master_i2c_auto_read_config &rArr; mpu_write_byte &rArr; HAL_SPI_TransmitReceive &rArr; SPI_EndRxTxTransaction &rArr; SPI_WaitFlagStateUntilTimeout
</UL>
<BR>[Calls]<UL><LI><a href="#[119]">&gt;&gt;</a>&nbsp;&nbsp;&nbsp;HAL_Delay
<LI><a href="#[238]">&gt;&gt;</a>&nbsp;&nbsp;&nbsp;mpu_write_byte
</UL>
<BR>[Called By]<UL><LI><a href="#[237]">&gt;&gt;</a>&nbsp;&nbsp;&nbsp;ist8310_init
</UL>

<P><STRONG><a name="[246]"></a>mpu_offset_fetch</STRONG> (Thumb, 62 bytes, Stack size 0 bytes, dji_imu.o(i.mpu_offset_fetch))
<BR><BR>[Called By]<UL><LI><a href="#[164]">&gt;&gt;</a>&nbsp;&nbsp;&nbsp;mpu_device_init
</UL>

<P><STRONG><a name="[23c]"></a>mpu_read_byte</STRONG> (Thumb, 68 bytes, Stack size 16 bytes, dji_imu.o(i.mpu_read_byte))
<BR><BR>[Stack]<UL><LI>Max Depth = 120<LI>Call Chain = mpu_read_byte &rArr; HAL_SPI_TransmitReceive &rArr; SPI_EndRxTxTransaction &rArr; SPI_WaitFlagStateUntilTimeout
</UL>
<BR>[Calls]<UL><LI><a href="#[1dc]">&gt;&gt;</a>&nbsp;&nbsp;&nbsp;HAL_GPIO_WritePin
<LI><a href="#[1aa]">&gt;&gt;</a>&nbsp;&nbsp;&nbsp;HAL_SPI_TransmitReceive
</UL>
<BR>[Called By]<UL><LI><a href="#[164]">&gt;&gt;</a>&nbsp;&nbsp;&nbsp;mpu_device_init
<LI><a href="#[23a]">&gt;&gt;</a>&nbsp;&nbsp;&nbsp;ist_reg_read_by_mpu
</UL>

<P><STRONG><a name="[1cf]"></a>mpu_read_bytes</STRONG> (Thumb, 84 bytes, Stack size 24 bytes, dji_imu.o(i.mpu_read_bytes))
<BR><BR>[Stack]<UL><LI>Max Depth = 128<LI>Call Chain = mpu_read_bytes &rArr; HAL_SPI_TransmitReceive &rArr; SPI_EndRxTxTransaction &rArr; SPI_WaitFlagStateUntilTimeout
</UL>
<BR>[Calls]<UL><LI><a href="#[1dc]">&gt;&gt;</a>&nbsp;&nbsp;&nbsp;HAL_GPIO_WritePin
<LI><a href="#[1aa]">&gt;&gt;</a>&nbsp;&nbsp;&nbsp;HAL_SPI_TransmitReceive
</UL>
<BR>[Called By]<UL><LI><a href="#[76]">&gt;&gt;</a>&nbsp;&nbsp;&nbsp;HAL_mpu_get_data
<LI><a href="#[1d0]">&gt;&gt;</a>&nbsp;&nbsp;&nbsp;ist8310_get_data
</UL>

<P><STRONG><a name="[245]"></a>mpu_set_accel_fsr</STRONG> (Thumb, 16 bytes, Stack size 8 bytes, dji_imu.o(i.mpu_set_accel_fsr))
<BR><BR>[Stack]<UL><LI>Max Depth = 128<LI>Call Chain = mpu_set_accel_fsr &rArr; mpu_write_byte &rArr; HAL_SPI_TransmitReceive &rArr; SPI_EndRxTxTransaction &rArr; SPI_WaitFlagStateUntilTimeout
</UL>
<BR>[Calls]<UL><LI><a href="#[238]">&gt;&gt;</a>&nbsp;&nbsp;&nbsp;mpu_write_byte
</UL>
<BR>[Called By]<UL><LI><a href="#[164]">&gt;&gt;</a>&nbsp;&nbsp;&nbsp;mpu_device_init
</UL>

<P><STRONG><a name="[244]"></a>mpu_set_gyro_fsr</STRONG> (Thumb, 16 bytes, Stack size 8 bytes, dji_imu.o(i.mpu_set_gyro_fsr))
<BR><BR>[Stack]<UL><LI>Max Depth = 128<LI>Call Chain = mpu_set_gyro_fsr &rArr; mpu_write_byte &rArr; HAL_SPI_TransmitReceive &rArr; SPI_EndRxTxTransaction &rArr; SPI_WaitFlagStateUntilTimeout
</UL>
<BR>[Calls]<UL><LI><a href="#[238]">&gt;&gt;</a>&nbsp;&nbsp;&nbsp;mpu_write_byte
</UL>
<BR>[Called By]<UL><LI><a href="#[164]">&gt;&gt;</a>&nbsp;&nbsp;&nbsp;mpu_device_init
</UL>

<P><STRONG><a name="[238]"></a>mpu_write_byte</STRONG> (Thumb, 72 bytes, Stack size 16 bytes, dji_imu.o(i.mpu_write_byte))
<BR><BR>[Stack]<UL><LI>Max Depth = 120<LI>Call Chain = mpu_write_byte &rArr; HAL_SPI_TransmitReceive &rArr; SPI_EndRxTxTransaction &rArr; SPI_WaitFlagStateUntilTimeout
</UL>
<BR>[Calls]<UL><LI><a href="#[1dc]">&gt;&gt;</a>&nbsp;&nbsp;&nbsp;HAL_GPIO_WritePin
<LI><a href="#[1aa]">&gt;&gt;</a>&nbsp;&nbsp;&nbsp;HAL_SPI_TransmitReceive
</UL>
<BR>[Called By]<UL><LI><a href="#[244]">&gt;&gt;</a>&nbsp;&nbsp;&nbsp;mpu_set_gyro_fsr
<LI><a href="#[245]">&gt;&gt;</a>&nbsp;&nbsp;&nbsp;mpu_set_accel_fsr
<LI><a href="#[23b]">&gt;&gt;</a>&nbsp;&nbsp;&nbsp;mpu_master_i2c_auto_read_config
<LI><a href="#[164]">&gt;&gt;</a>&nbsp;&nbsp;&nbsp;mpu_device_init
<LI><a href="#[239]">&gt;&gt;</a>&nbsp;&nbsp;&nbsp;ist_reg_write_by_mpu
<LI><a href="#[23a]">&gt;&gt;</a>&nbsp;&nbsp;&nbsp;ist_reg_read_by_mpu
<LI><a href="#[237]">&gt;&gt;</a>&nbsp;&nbsp;&nbsp;ist8310_init
</UL>

<P><STRONG><a name="[231]"></a>_fp_digits</STRONG> (Thumb, 366 bytes, Stack size 64 bytes, printfa.o(i._fp_digits), UNUSED)
<BR><BR>[Calls]<UL><LI><a href="#[105]">&gt;&gt;</a>&nbsp;&nbsp;&nbsp;__aeabi_dmul
<LI><a href="#[106]">&gt;&gt;</a>&nbsp;&nbsp;&nbsp;__aeabi_ddiv
<LI><a href="#[ff]">&gt;&gt;</a>&nbsp;&nbsp;&nbsp;__aeabi_dadd
<LI><a href="#[13e]">&gt;&gt;</a>&nbsp;&nbsp;&nbsp;__aeabi_cdrcmple
<LI><a href="#[f9]">&gt;&gt;</a>&nbsp;&nbsp;&nbsp;__aeabi_uldivmod
<LI><a href="#[10e]">&gt;&gt;</a>&nbsp;&nbsp;&nbsp;__aeabi_d2ulz
</UL>
<BR>[Called By]<UL><LI><a href="#[21e]">&gt;&gt;</a>&nbsp;&nbsp;&nbsp;_printf_core
</UL>

<P><STRONG><a name="[21e]"></a>_printf_core</STRONG> (Thumb, 1704 bytes, Stack size 136 bytes, printfa.o(i._printf_core), UNUSED)
<BR><BR>[Calls]<UL><LI><a href="#[f9]">&gt;&gt;</a>&nbsp;&nbsp;&nbsp;__aeabi_uldivmod
<LI><a href="#[234]">&gt;&gt;</a>&nbsp;&nbsp;&nbsp;__aeabi_uidivmod
<LI><a href="#[232]">&gt;&gt;</a>&nbsp;&nbsp;&nbsp;_printf_pre_padding
<LI><a href="#[233]">&gt;&gt;</a>&nbsp;&nbsp;&nbsp;_printf_post_padding
<LI><a href="#[231]">&gt;&gt;</a>&nbsp;&nbsp;&nbsp;_fp_digits
</UL>
<BR>[Called By]<UL><LI><a href="#[21d]">&gt;&gt;</a>&nbsp;&nbsp;&nbsp;__0sprintf
</UL>

<P><STRONG><a name="[233]"></a>_printf_post_padding</STRONG> (Thumb, 36 bytes, Stack size 24 bytes, printfa.o(i._printf_post_padding), UNUSED)
<BR><BR>[Called By]<UL><LI><a href="#[21e]">&gt;&gt;</a>&nbsp;&nbsp;&nbsp;_printf_core
</UL>

<P><STRONG><a name="[232]"></a>_printf_pre_padding</STRONG> (Thumb, 46 bytes, Stack size 24 bytes, printfa.o(i._printf_pre_padding), UNUSED)
<BR><BR>[Called By]<UL><LI><a href="#[21e]">&gt;&gt;</a>&nbsp;&nbsp;&nbsp;_printf_core
</UL>

<P><STRONG><a name="[e9]"></a>_sputc</STRONG> (Thumb, 10 bytes, Stack size 0 bytes, printfa.o(i._sputc))
<BR><BR>[Called By]<UL><LI><a href="#[21d]">&gt;&gt;</a>&nbsp;&nbsp;&nbsp;__0sprintf
</UL>
<BR>[Address Reference Count : 1]<UL><LI> printfa.o(i.__0sprintf)
</UL><P>
<H3>
Undefined Global Symbols
</H3><HR></body></html>
